Component: ARM Compiler 5.06 update 7 (build 960) Tool: armlink [4d3601]

==============================================================================

Section Cross References

    startup_stm32f10x_md.o(STACK) refers (Special) to heapauxi.o(.text) for __use_two_region_memory
    startup_stm32f10x_md.o(HEAP) refers (Special) to heapauxi.o(.text) for __use_two_region_memory
    startup_stm32f10x_md.o(RESET) refers (Special) to heapauxi.o(.text) for __use_two_region_memory
    startup_stm32f10x_md.o(RESET) refers to startup_stm32f10x_md.o(STACK) for __initial_sp
    startup_stm32f10x_md.o(RESET) refers to startup_stm32f10x_md.o(.text) for Reset_Handler
    startup_stm32f10x_md.o(RESET) refers to stm32f10x_it.o(i.NMI_Handler) for NMI_Handler
    startup_stm32f10x_md.o(RESET) refers to stm32f10x_it.o(i.HardFault_Handler) for HardFault_Handler
    startup_stm32f10x_md.o(RESET) refers to stm32f10x_it.o(i.MemManage_Handler) for MemManage_Handler
    startup_stm32f10x_md.o(RESET) refers to stm32f10x_it.o(i.BusFault_Handler) for BusFault_Handler
    startup_stm32f10x_md.o(RESET) refers to stm32f10x_it.o(i.UsageFault_Handler) for UsageFault_Handler
    startup_stm32f10x_md.o(RESET) refers to stm32f10x_it.o(i.SVC_Handler) for SVC_Handler
    startup_stm32f10x_md.o(RESET) refers to stm32f10x_it.o(i.DebugMon_Handler) for DebugMon_Handler
    startup_stm32f10x_md.o(RESET) refers to stm32f10x_it.o(i.PendSV_Handler) for PendSV_Handler
    startup_stm32f10x_md.o(RESET) refers to stm32f10x_it.o(i.SysTick_Handler) for SysTick_Handler
    startup_stm32f10x_md.o(RESET) refers to tim2.o(i.TIM2_IRQHandler) for TIM2_IRQHandler
    startup_stm32f10x_md.o(RESET) refers to tim3.o(i.TIM3_IRQHandler) for TIM3_IRQHandler
    startup_stm32f10x_md.o(RESET) refers to usart.o(i.USART1_IRQHandler) for USART1_IRQHandler
    startup_stm32f10x_md.o(RESET) refers to usart.o(i.USART2_IRQHandler) for USART2_IRQHandler
    startup_stm32f10x_md.o(.text) refers (Special) to heapauxi.o(.text) for __use_two_region_memory
    startup_stm32f10x_md.o(.text) refers to system_stm32f10x.o(i.SystemInit) for SystemInit
    startup_stm32f10x_md.o(.text) refers to __main.o(!!!main) for __main
    startup_stm32f10x_md.o(.text) refers to startup_stm32f10x_md.o(HEAP) for Heap_Mem
    startup_stm32f10x_md.o(.text) refers to startup_stm32f10x_md.o(STACK) for Stack_Mem
    system_stm32f10x.o(i.SetSysClock) refers to system_stm32f10x.o(i.SetSysClockTo72) for SetSysClockTo72
    system_stm32f10x.o(i.SystemCoreClockUpdate) refers to system_stm32f10x.o(.data) for SystemCoreClock
    system_stm32f10x.o(i.SystemInit) refers to system_stm32f10x.o(i.SetSysClock) for SetSysClock
    stm32f10x_adc.o(i.ADC_DeInit) refers to stm32f10x_rcc.o(i.RCC_APB2PeriphResetCmd) for RCC_APB2PeriphResetCmd
    stm32f10x_bkp.o(i.BKP_DeInit) refers to stm32f10x_rcc.o(i.RCC_BackupResetCmd) for RCC_BackupResetCmd
    stm32f10x_can.o(i.CAN_DeInit) refers to stm32f10x_rcc.o(i.RCC_APB1PeriphResetCmd) for RCC_APB1PeriphResetCmd
    stm32f10x_can.o(i.CAN_GetITStatus) refers to stm32f10x_can.o(i.CheckITStatus) for CheckITStatus
    stm32f10x_cec.o(i.CEC_DeInit) refers to stm32f10x_rcc.o(i.RCC_APB1PeriphResetCmd) for RCC_APB1PeriphResetCmd
    stm32f10x_dac.o(i.DAC_DeInit) refers to stm32f10x_rcc.o(i.RCC_APB1PeriphResetCmd) for RCC_APB1PeriphResetCmd
    stm32f10x_flash.o(i.FLASH_EnableWriteProtection) refers to stm32f10x_flash.o(i.FLASH_WaitForLastOperation) for FLASH_WaitForLastOperation
    stm32f10x_flash.o(i.FLASH_EraseAllBank1Pages) refers to stm32f10x_flash.o(i.FLASH_WaitForLastBank1Operation) for FLASH_WaitForLastBank1Operation
    stm32f10x_flash.o(i.FLASH_EraseAllPages) refers to stm32f10x_flash.o(i.FLASH_WaitForLastOperation) for FLASH_WaitForLastOperation
    stm32f10x_flash.o(i.FLASH_EraseOptionBytes) refers to stm32f10x_flash.o(i.FLASH_GetReadOutProtectionStatus) for FLASH_GetReadOutProtectionStatus
    stm32f10x_flash.o(i.FLASH_EraseOptionBytes) refers to stm32f10x_flash.o(i.FLASH_WaitForLastOperation) for FLASH_WaitForLastOperation
    stm32f10x_flash.o(i.FLASH_ErasePage) refers to stm32f10x_flash.o(i.FLASH_WaitForLastOperation) for FLASH_WaitForLastOperation
    stm32f10x_flash.o(i.FLASH_ProgramHalfWord) refers to stm32f10x_flash.o(i.FLASH_WaitForLastOperation) for FLASH_WaitForLastOperation
    stm32f10x_flash.o(i.FLASH_ProgramOptionByteData) refers to stm32f10x_flash.o(i.FLASH_WaitForLastOperation) for FLASH_WaitForLastOperation
    stm32f10x_flash.o(i.FLASH_ProgramWord) refers to stm32f10x_flash.o(i.FLASH_WaitForLastOperation) for FLASH_WaitForLastOperation
    stm32f10x_flash.o(i.FLASH_ReadOutProtection) refers to stm32f10x_flash.o(i.FLASH_WaitForLastOperation) for FLASH_WaitForLastOperation
    stm32f10x_flash.o(i.FLASH_UserOptionByteConfig) refers to stm32f10x_flash.o(i.FLASH_WaitForLastOperation) for FLASH_WaitForLastOperation
    stm32f10x_flash.o(i.FLASH_WaitForLastBank1Operation) refers to stm32f10x_flash.o(i.FLASH_GetBank1Status) for FLASH_GetBank1Status
[...]
    gizProtocolAckHandle                     0x080031a1   Thumb Code    94  gizwits_protocol.o(i.gizProtocolAckHandle)
    i.gizProtocolCommonAck                   0x08003230   Section        0  gizwits_protocol.o(i.gizProtocolCommonAck)
    gizProtocolCommonAck                     0x08003231   Thumb Code    86  gizwits_protocol.o(i.gizProtocolCommonAck)
    i.gizProtocolErrorCmd                    0x080032d0   Section        0  gizwits_protocol.o(i.gizProtocolErrorCmd)
    gizProtocolErrorCmd                      0x080032d1   Thumb Code    90  gizwits_protocol.o(i.gizProtocolErrorCmd)
    i.gizProtocolGetDeviceInfo               0x08003374   Section        0  gizwits_protocol.o(i.gizProtocolGetDeviceInfo)
    gizProtocolGetDeviceInfo                 0x08003375   Thumb Code   182  gizwits_protocol.o(i.gizProtocolGetDeviceInfo)
    i.gizProtocolGetOnePacket                0x080034e8   Section        0  gizwits_protocol.o(i.gizProtocolGetOnePacket)
    gizProtocolGetOnePacket                  0x080034e9   Thumb Code   382  gizwits_protocol.o(i.gizProtocolGetOnePacket)
    i.gizProtocolHeadInit                    0x080036e8   Section        0  gizwits_protocol.o(i.gizProtocolHeadInit)
    gizProtocolHeadInit                      0x080036e9   Thumb Code    34  gizwits_protocol.o(i.gizProtocolHeadInit)
    i.gizProtocolIssuedDataAck               0x08003738   Section        0  gizwits_protocol.o(i.gizProtocolIssuedDataAck)
    gizProtocolIssuedDataAck                 0x08003739   Thumb Code   230  gizwits_protocol.o(i.gizProtocolIssuedDataAck)
    i.gizProtocolIssuedProcess               0x08003878   Section        0  gizwits_protocol.o(i.gizProtocolIssuedProcess)
    gizProtocolIssuedProcess                 0x08003879   Thumb Code   248  gizwits_protocol.o(i.gizProtocolIssuedProcess)
    i.gizProtocolModuleInfoHandle            0x080039f4   Section        0  gizwits_protocol.o(i.gizProtocolModuleInfoHandle)
    gizProtocolModuleInfoHandle              0x080039f5   Thumb Code    68  gizwits_protocol.o(i.gizProtocolModuleInfoHandle)
    i.gizProtocolModuleStatus                0x08003a50   Section        0  gizwits_protocol.o(i.gizProtocolModuleStatus)
    gizProtocolModuleStatus                  0x08003a51   Thumb Code   846  gizwits_protocol.o(i.gizProtocolModuleStatus)
    i.gizProtocolNTP                         0x08003f74   Section        0  gizwits_protocol.o(i.gizProtocolNTP)
    gizProtocolNTP                           0x08003f75   Thumb Code   112  gizwits_protocol.o(i.gizProtocolNTP)
    i.gizProtocolReboot                      0x08004000   Section        0  gizwits_protocol.o(i.gizProtocolReboot)
    gizProtocolReboot                        0x08004001   Thumb Code    28  gizwits_protocol.o(i.gizProtocolReboot)
    i.gizProtocolResendData                  0x0800401c   Section        0  gizwits_protocol.o(i.gizProtocolResendData)
    gizProtocolResendData                    0x0800401d   Thumb Code    66  gizwits_protocol.o(i.gizProtocolResendData)
    i.gizProtocolSum                         0x0800409c   Section        0  common.o(i.gizProtocolSum)
    i.gizProtocolWaitAck                     0x080040c4   Section        0  gizwits_protocol.o(i.gizProtocolWaitAck)
    gizProtocolWaitAck                       0x080040c5   Thumb Code    68  gizwits_protocol.o(i.gizProtocolWaitAck)
    i.gizProtocolWaitAckCheck                0x08004128   Section        0  gizwits_protocol.o(i.gizProtocolWaitAckCheck)
    gizProtocolWaitAckCheck                  0x08004129   Thumb Code    46  gizwits_protocol.o(i.gizProtocolWaitAckCheck)
    i.gizPutData                             0x08004174   Section        0  gizwits_protocol.o(i.gizPutData)
    i.gizReportData                          0x080041e8   Section        0  gizwits_protocol.o(i.gizReportData)
    gizReportData                            0x080041e9   Thumb Code   174  gizwits_protocol.o(i.gizReportData)
    i.gizTimerMs                             0x080042e0   Section        0  gizwits_product.o(i.gizTimerMs)
    i.gizVarlenCompressValue                 0x080042f0   Section        0  datapointtools.o(i.gizVarlenCompressValue)
    i.gizVarlenDecompressionValue            0x0800436c   Section        0  datapointtools.o(i.gizVarlenDecompressionValue)
    i.gizY2X                                 0x08004430   Section        0  datapointtools.o(i.gizY2X)
    i.gizwitsEventProcess                    0x08004440   Section        0  gizwits_product.o(i.gizwitsEventProcess)
    i.gizwitsHandle                          0x080046c0   Section        0  gizwits_protocol.o(i.gizwitsHandle)
    i.gizwitsInit                            0x08004a3c   Section        0  gizwits_protocol.o(i.gizwitsInit)
    i.gizwitsSetMode                         0x08004aa0   Section        0  gizwits_protocol.o(i.gizwitsSetMode)
    i.main                                   0x08004d28   Section        0  main.o(i.main)
    i.mcuRestart                             0x08005094   Section        0  gizwits_product.o(i.mcuRestart)
    i.rbCanRead                              0x0800509e   Section        0  ringbuffer.o(i.rbCanRead)
    i.rbCanWrite                             0x080050d8   Section        0  ringbuffer.o(i.rbCanWrite)
    i.rbCapacity                             0x080050f6   Section        0  ringbuffer.o(i.rbCapacity)
    i.rbCreate                               0x08005104   Section        0  ringbuffer.o(i.rbCreate)
    i.rbRead                                 0x08005118   Section        0  ringbuffer.o(i.rbRead)
    i.rbReadIndicator                        0x080051d6   Section        0  ringbuffer.o(i.rbReadIndicator)
    i.rbWrite                                0x080051f4   Section        0  ringbuffer.o(i.rbWrite)
    i.rbWriteIndicator                       0x080052ae   Section        0  ringbuffer.o(i.rbWriteIndicator)
    i.uart1_init                             0x080052cc   Section        0  usart.o(i.uart1_init)
    i.uart2_init                             0x08005370   Section        0  usart.o(i.uart2_init)
    i.uartWrite                              0x08005414   Section        0  gizwits_product.o(i.uartWrite)
    i.userHandle                             0x080054c8   Section        0  gizwits_product.o(i.userHandle)
    i.userInit                               0x08005514   Section        0  gizwits_product.o(i.userInit)
    x$fpl$dadd                               0x08005524   Section      336  daddsub_clz.o(x$fpl$dadd)
    _dadd1                                   0x08005535   Thumb Code     0  daddsub_clz.o(x$fpl$dadd)
    x$fpl$dfix                               0x08005674   Section       94  dfix.o(x$fpl$dfix)
    x$fpl$dmul                               0x080056d4   Section      340  dmul.o(x$fpl$dmul)
    x$fpl$dnaninf                            0x08005828   Section      156  dnaninf.o(x$fpl$dnaninf)
    x$fpl$dretinf                            0x080058c4   Section       12  dretinf.o(x$fpl$dretinf)
    x$fpl$dsub                               0x080058d0   Section      468  daddsub_clz.o(x$fpl$dsub)
    _dsub1                                   0x080058e1   Thumb Code     0  daddsub_clz.o(x$fpl$dsub)
    x$fpl$f2d                                0x08005aa4   Section       86  f2d.o(x$fpl$f2d)
    x$fpl$fdiv                               0x08005afc   Section      388  fdiv.o(x$fpl$fdiv)
    _fdiv1                                   0x08005afd   Thumb Code     0  fdiv.o(x$fpl$fdiv)
    x$fpl$ffixu                              0x08005c80   Section       62  ffixu.o(x$fpl$ffixu)
    x$fpl$ffltu                              0x08005cc0   Section       38  fflt_clz.o(x$fpl$ffltu)
    x$fpl$fmul                               0x08005ce8   Section      258  fmul.o(x$fpl$fmul)
    x$fpl$fnaninf                            0x08005dea   Section      140  fnaninf.o(x$fpl$fnaninf)
    x$fpl$fretinf                            0x08005e76   Section       10  fretinf.o(x$fpl$fretinf)
    .constdata                               0x08005e80   Section     2096  oled.o(.constdata)
    x$fpl$usenofp                            0x08005e80   Section        0  usenofp.o(x$fpl$usenofp)
    .constdata                               0x080066b0   Section       40  _printf_hex_int.o(.constdata)
    uc_hextab                                0x080066b0   Data          20  _printf_hex_int.o(.constdata)
    lc_hextab                                0x080066c4   Data          20  _printf_hex_int.o(.constdata)
    .constdata                               0x080066d8   Section       17  __printf_flags_wp.o(.constdata)
    maptable                                 0x080066d8   Data          17  __printf_flags_wp.o(.constdata)
    .data                                    0x20000000   Section       20  stm32f10x_rcc.o(.data)
    APBAHBPrescTable                         0x20000000   Data          16  stm32f10x_rcc.o(.data)
    ADCPrescTable                            0x20000010   Data           4  stm32f10x_rcc.o(.data)
    .data                                    0x20000014   Section       17  main.o(.data)
    .data                                    0x20000026   Section        6  menu.o(.data)
    .data                                    0x2000002c   Section        1  dht11.o(.data)
    .data                                    0x2000002d   Section        1  motor.o(.data)
    .data                                    0x2000002e   Section        1  buzzer.o(.data)
    .data                                    0x20000030   Section       25  key.o(.data)
    .data                                    0x2000004c   Section        6  usart.o(.data)
    .data                                    0x20000052   Section        2  tim2.o(.data)
    .data                                    0x20000054   Section       16  gizwits_protocol.o(.data)
    lastReportTime                           0x20000054   Data           4  gizwits_protocol.o(.data)
    lastRepTime                              0x20000058   Data           4  gizwits_protocol.o(.data)
    protocolFlag                             0x2000005c   Data           1  gizwits_protocol.o(.data)
    protocolCount                            0x2000005e   Data           2  gizwits_protocol.o(.data)
    lastData                                 0x20000060   Data           1  gizwits_protocol.o(.data)
    debugCount                               0x20000061   Data           1  gizwits_protocol.o(.data)
    lastStatus                               0x20000062   Data           2  gizwits_protocol.o(.data)
    .data                                    0x20000064   Section        5  gizwits_product.o(.data)
    timerMsCount                             0x20000064   Data           4  gizwits_product.o(.data)
    .bss                                     0x2000006c   Section     1662  gizwits_protocol.o(.bss)
    rbBuf                                    0x200004bc   Data         558  gizwits_protocol.o(.bss)
    .bss                                     0x200006ea   Section       21  gizwits_product.o(.bss)
    .bss                                     0x20000700   Section       96  libspace.o(.bss)
    HEAP                                     0x20000760   Section      512  startup_stm32f10x_md.o(HEAP)
    Heap_Mem                                 0x20000760   Data         512  startup_stm32f10x_md.o(HEAP)
    STACK                                    0x20000960   Section     1024  startup_stm32f10x_md.o(STACK)
    Stack_Mem                                0x20000960   Data        1024  startup_stm32f10x_md.o(STACK)
    __initial_sp                             0x20000d60   Data           0  startup_stm32f10x_md.o(STACK)

    Global Symbols

    Symbol Name                              Value     Ov Type        Size  Object(Section)

    BuildAttributes$$THM_ISAv4$P$D$K$B$S$PE$A:L22UL41UL21$X:L11$S22US41US21$IEEE1$IW$USESV6$~STKCKD$USESV7$~SHL$OTIME$ROPI$EBA8$UX$STANDARDLIB$REQ8$PRES8$EABIv2 0x00000000   Number         0  anon$$obj.o ABSOLUTE
    __ARM_use_no_argv                        0x00000000   Number         0  main.o ABSOLUTE
    _printf_flags                            0x00000000   Number         0  printf_stubs.o ABSOLUTE
    _printf_return_value                     0x00000000   Number         0  printf_stubs.o ABSOLUTE
    _printf_sizespec                         0x00000000   Number         0  printf_stubs.o ABSOLUTE
    _printf_widthprec                        0x00000000   Number         0  printf_stubs.o ABSOLUTE
    __ARM_exceptions_init                     - Undefined Weak Reference
    __alloca_initialize                       - Undefined Weak Reference
    __arm_fini_                               - Undefined Weak Reference
    __arm_preinit_                            - Undefined Weak Reference
    __cpp_initialize__aeabi_                  - Undefined Weak Reference
    __cxa_finalize                            - Undefined Weak Reference
    __sigvec_lookup                           - Undefined Weak Reference
    __user_heap_extent                        - Undefined Weak Reference
    _atexit_init                              - Undefined Weak Reference
    _call_atexit_fns                          - Undefined Weak Reference
    _clock_init                               - Undefined Weak Reference
    _fp_trap_init                             - Undefined Weak Reference
    _fp_trap_shutdown                         - Undefined Weak Reference
    _get_lc_collate                           - Undefined Weak Reference
    _get_lc_monetary                          - Undefined Weak Reference
    _get_lc_numeric                           - Undefined Weak Reference
    _get_lc_time                              - Undefined Weak Reference
    _getenv_init                              - Undefined Weak Reference
    _handle_redirection                       - Undefined Weak Reference
    _initio                                   - Undefined Weak Reference
    _mutex_acquire                            - Undefined Weak Reference
    _mutex_free                               - Undefined Weak Reference
    _mutex_release                            - Undefined Weak Reference
    _printf_truncate_signed                   - Undefined Weak Reference
    _printf_truncate_unsigned                 - Undefined Weak Reference
    _rand_init                                - Undefined Weak Reference
    _signal_finish                            - Undefined Weak Reference
    _signal_init                              - Undefined Weak Reference
    _terminateio                              - Undefined Weak Reference
    __Vectors_Size                           0x000000ec   Number         0  startup_stm32f10x_md.o ABSOLUTE
    __Vectors                                0x08000000   Data           4  startup_stm32f10x_md.o(RESET)
    __Vectors_End                            0x080000ec   Data           0  startup_stm32f10x_md.o(RESET)
    __main                                   0x080000ed   Thumb Code     8  __main.o(!!!main)
    __scatterload                            0x080000f5   Thumb Code     0  __scatter.o(!!!scatter)
    __scatterload_rt2                        0x080000f5   Thumb Code    44  __scatter.o(!!!scatter)
    __scatterload_rt2_thumb_only             0x080000f5   Thumb Code     0  __scatter.o(!!!scatter)
    __scatterload_null                       0x08000103   Thumb Code     0  __scatter.o(!!!scatter)
    __scatterload_copy                       0x08000129   Thumb Code    26  __scatter_copy.o(!!handler_copy)
    __scatterload_zeroinit                   0x08000145   Thumb Code    28  __scatter_zi.o(!!handler_zi)
    _printf_d                                0x08000161   Thumb Code     0  _printf_d.o(.ARM.Collect$$_printf_percent$$00000009)
    _printf_percent                          0x08000161   Thumb Code     0  _printf_percent.o(.ARM.Collect$$_printf_percent$$00000000)
    _printf_x                                0x08000167   Thumb Code     0  _printf_x.o(.ARM.Collect$$_printf_percent$$0000000C)
    _printf_percent_end                      0x0800016d   Thumb Code     0  _printf_percent_end.o(.ARM.Collect$$_printf_percent$$00000017)
    __rt_lib_init                            0x08000171   Thumb Code     0  libinit.o(.ARM.Collect$$libinit$$00000000)
    __rt_lib_init_alloca_1                   0x08000173   Thumb Code     0  libinit2.o(.ARM.Collect$$libinit$$0000002E)
    __rt_lib_init_argv_1                     0x08000173   Thumb Code     0  libinit2.o(.ARM.Collect$$libinit$$0000002C)
    __rt_lib_init_atexit_1                   0x08000173   Thumb Code     0  libinit2.o(.ARM.Collect$$libinit$$0000001B)
    __rt_lib_init_clock_1                    0x08000173   Thumb Code     0  libinit2.o(.ARM.Collect$$libinit$$00000021)
    __rt_lib_init_cpp_1                      0x08000173   Thumb Code     0  libinit2.o(.ARM.Collect$$libinit$$00000032)
    __rt_lib_init_exceptions_1               0x08000173   Thumb Code     0  libinit2.o(.ARM.Collect$$libinit$$00000030)
    __rt_lib_init_fp_1                       0x08000173   Thumb Code     0  libinit2.o(.ARM.Collect$$libinit$$00000002)
    __rt_lib_init_fp_trap_1                  0x08000173   Thumb Code     0  libinit2.o(.ARM.Collect$$libinit$$0000001F)
    __rt_lib_init_getenv_1                   0x08000173   Thumb Code     0  libinit2.o(.ARM.Collect$$libinit$$00000023)
    __rt_lib_init_heap_1                     0x08000173   Thumb Code     0  libinit2.o(.ARM.Collect$$libinit$$0000000A)
    __rt_lib_init_lc_collate_1               0x08000173   Thumb Code     0  libinit2.o(.ARM.Collect$$libinit$$00000011)
    __rt_lib_init_lc_ctype_1                 0x08000173   Thumb Code     0  libinit2.o(.ARM.Collect$$libinit$$00000013)
    __rt_lib_init_lc_monetary_1              0x08000173   Thumb Code     0  libinit2.o(.ARM.Collect$$libinit$$00000015)
    __rt_lib_init_lc_numeric_1               0x08000173   Thumb Code     0  libinit2.o(.ARM.Collect$$libinit$$00000017)
    __rt_lib_init_lc_time_1                  0x08000173   Thumb Code     0  libinit2.o(.ARM.Collect$$libinit$$00000019)
    __rt_lib_init_preinit_1                  0x08000173   Thumb Code     0  libinit2.o(.ARM.Collect$$libinit$$00000004)
    __rt_lib_init_rand_1                     0x08000173   Thumb Code     0  libinit2.o(.ARM.Collect$$libinit$$0000000E)
    __rt_lib_init_return                     0x08000173   Thumb Code     0  libinit2.o(.ARM.Collect$$libinit$$00000033)
    __rt_lib_init_signal_1                   0x08000173   Thumb Code     0  libinit2.o(.ARM.Collect$$libinit$$0000001D)
    __rt_lib_init_stdio_1                    0x08000173   Thumb Code     0  libinit2.o(.ARM.Collect$$libinit$$00000025)
    __rt_lib_init_user_alloc_1               0x08000173   Thumb Code     0  libinit2.o(.ARM.Collect$$libinit$$0000000C)
    __rt_lib_shutdown                        0x08000175   Thumb Code     0  libshutdown.o(.ARM.Collect$$libshutdown$$00000000)
    __rt_lib_shutdown_cpp_1                  0x08000177   Thumb Code     0  libshutdown2.o(.ARM.Collect$$libshutdown$$00000004)
    __rt_lib_shutdown_fini_1                 0x08000177   Thumb Code     0  libshutdown2.o(.ARM.Collect$$libshutdown$$00000002)
    __rt_lib_shutdown_fp_trap_1              0x08000177   Thumb Code     0  libshutdown2.o(.ARM.Collect$$libshutdown$$00000009)
    __rt_lib_shutdown_heap_1                 0x08000177   Thumb Code     0  libshutdown2.o(.ARM.Collect$$libshutdown$$00000011)
    __rt_lib_shutdown_return                 0x08000177   Thumb Code     0  libshutdown2.o(.ARM.Collect$$libshutdown$$00000012)
    __rt_lib_shutdown_signal_1               0x08000177   Thumb Code     0  libshutdown2.o(.ARM.Collect$$libshutdown$$0000000C)
    __rt_lib_shutdown_stdio_1                0x08000177   Thumb Code     0  libshutdown2.o(.ARM.Collect$$libshutdown$$00000006)
    __rt_lib_shutdown_user_alloc_1           0x08000177   Thumb Code     0  libshutdown2.o(.ARM.Collect$$libshutdown$$0000000E)
    __rt_entry                               0x08000179   Thumb Code     0  __rtentry.o(.ARM.Collect$$rtentry$$00000000)
    __rt_entry_presh_1                       0x08000179   Thumb Code     0  __rtentry2.o(.ARM.Collect$$rtentry$$00000002)
    __rt_entry_sh                            0x08000179   Thumb Code     0  __rtentry4.o(.ARM.Collect$$rtentry$$00000004)
    __rt_entry_li                            0x0800017f   Thumb Code     0  __rtentry2.o(.ARM.Collect$$rtentry$$0000000A)
    __rt_entry_postsh_1                      0x0800017f   Thumb Code     0  __rtentry2.o(.ARM.Collect$$rtentry$$00000009)
    __rt_entry_main                          0x08000183   Thumb Code     0  __rtentry2.o(.ARM.Collect$$rtentry$$0000000D)
    __rt_entry_postli_1                      0x08000183   Thumb Code     0  __rtentry2.o(.ARM.Collect$$rtentry$$0000000C)
    __rt_exit                                0x0800018b   Thumb Code     0  rtexit.o(.ARM.Collect$$rtexit$$00000000)
    __rt_exit_ls                             0x0800018d   Thumb Code     0  rtexit2.o(.ARM.Collect$$rtexit$$00000003)
    __rt_exit_prels_1                        0x0800018d   Thumb Code     0  rtexit2.o(.ARM.Collect$$rtexit$$00000002)
    __rt_exit_exit                           0x08000191   Thumb Code     0  rtexit2.o(.ARM.Collect$$rtexit$$00000004)
    Reset_Handler                            0x08000199   Thumb Code     8  startup_stm32f10x_md.o(.text)
    ADC1_2_IRQHandler                        0x080001b3   Thumb Code     0  startup_stm32f10x_md.o(.text)
    CAN1_RX1_IRQHandler                      0x080001b3   Thumb Code     0  startup_stm32f10x_md.o(.text)
    CAN1_SCE_IRQHandler                      0x080001b3   Thumb Code     0  startup_stm32f10x_md.o(.text)
    DMA1_Channel1_IRQHandler                 0x080001b3   Thumb Code     0  startup_stm32f10x_md.o(.text)
    DMA1_Channel2_IRQHandler                 0x080001b3   Thumb Code     0  startup_stm32f10x_md.o(.text)
    DMA1_Channel3_IRQHandler                 0x080001b3   Thumb Code     0  startup_stm32f10x_md.o(.text)
    DMA1_Channel4_IRQHandler                 0x080001b3   Thumb Code     0  startup_stm32f10x_md.o(.text)
    DMA1_Channel5_IRQHandler                 0x080001b3   Thumb Code     0  startup_stm32f10x_md.o(.text)
    DMA1_Channel6_IRQHandler                 0x080001b3   Thumb Code     0  startup_stm32f10x_md.o(.text)
    DMA1_Channel7_IRQHandler                 0x080001b3   Thumb Code     0  startup_stm32f10x_md.o(.text)
    EXTI0_IRQHandler                         0x080001b3   Thumb Code     0  startup_stm32f10x_md.o(.text)
    EXTI15_10_IRQHandler                     0x080001b3   Thumb Code     0  startup_stm32f10x_md.o(.text)
    EXTI1_IRQHandler                         0x080001b3   Thumb Code     0  startup_stm32f10x_md.o(.text)
    EXTI2_IRQHandler                         0x080001b3   Thumb Code     0  startup_stm32f10x_md.o(.text)
    EXTI3_IRQHandler                         0x080001b3   Thumb Code     0  startup_stm32f10x_md.o(.text)
    EXTI4_IRQHandler                         0x080001b3   Thumb Code     0  startup_stm32f10x_md.o(.text)
    EXTI9_5_IRQHandler                       0x080001b3   Thumb Code     0  startup_stm32f10x_md.o(.text)
    FLASH_IRQHandler                         0x080001b3   Thumb Code     0  startup_stm32f10x_md.o(.text)
    I2C1_ER_IRQHandler                       0x080001b3   Thumb Code     0  startup_stm32f10x_md.o(.text)
    I2C1_EV_IRQHandler                       0x080001b3   Thumb Code     0  startup_stm32f10x_md.o(.text)
    I2C2_ER_IRQHandler                       0x080001b3   Thumb Code     0  startup_stm32f10x_md.o(.text)
    I2C2_EV_IRQHandler                       0x080001b3   Thumb Code     0  startup_stm32f10x_md.o(.text)
    PVD_IRQHandler                           0x080001b3   Thumb Code     0  startup_stm32f10x_md.o(.text)
    RCC_IRQHandler                           0x080001b3   Thumb Code     0  startup_stm32f10x_md.o(.text)
    RTCAlarm_IRQHandler                      0x080001b3   Thumb Code     0  startup_stm32f10x_md.o(.text)
    RTC_IRQHandler                           0x080001b3   Thumb Code     0  startup_stm32f10x_md.o(.text)
    SPI1_IRQHandler                          0x080001b3   Thumb Code     0  startup_stm32f10x_md.o(.text)
    SPI2_IRQHandler                          0x080001b3   Thumb Code     0  startup_stm32f10x_md.o(.text)
    TAMPER_IRQHandler                        0x080001b3   Thumb Code     0  startup_stm32f10x_md.o(.text)
    TIM1_BRK_IRQHandler                      0x080001b3   Thumb Code     0  startup_stm32f10x_md.o(.text)
    TIM1_CC_IRQHandler                       0x080001b3   Thumb Code     0  startup_stm32f10x_md.o(.text)
    TIM1_TRG_COM_IRQHandler                  0x080001b3   Thumb Code     0  startup_stm32f10x_md.o(.text)
    TIM1_UP_IRQHandler                       0x080001b3   Thumb Code     0  startup_stm32f10x_md.o(.text)
    TIM4_IRQHandler                          0x080001b3   Thumb Code     0  startup_stm32f10x_md.o(.text)
    USART3_IRQHandler                        0x080001b3   Thumb Code     0  startup_stm32f10x_md.o(.text)
    USBWakeUp_IRQHandler                     0x080001b3   Thumb Code     0  startup_stm32f10x_md.o(.text)
    USB_HP_CAN1_TX_IRQHandler                0x080001b3   Thumb Code     0  startup_stm32f10x_md.o(.text)
    USB_LP_CAN1_RX0_IRQHandler               0x080001b3   Thumb Code     0  startup_stm32f10x_md.o(.text)
    WWDG_IRQHandler                          0x080001b3   Thumb Code     0  startup_stm32f10x_md.o(.text)
    __user_initial_stackheap                 0x080001b5   Thumb Code     0  startup_stm32f10x_md.o(.text)
    __use_no_semihosting                     0x080001d9   Thumb Code     2  use_no_semi_2.o(.text)
    free                                     0x080001db   Thumb Code    78  h1_free.o(.text)
    __2printf                                0x08000229   Thumb Code    20  noretval__2printf.o(.text)
    _printf_pre_padding                      0x08000241   Thumb Code    44  _printf_pad.o(.text)
    _printf_post_padding                     0x0800026d   Thumb Code    34  _printf_pad.o(.text)
    _printf_int_dec                          0x08000291   Thumb Code   104  _printf_dec.o(.text)
    _printf_int_hex                          0x08000309   Thumb Code    84  _printf_hex_int.o(.text)
    _printf_longlong_hex                     0x08000309   Thumb Code     0  _printf_hex_int.o(.text)
    __printf                                 0x08000361   Thumb Code   308  __printf_flags_wp.o(.text)
    __aeabi_memcpy                           0x08000499   Thumb Code     0  rt_memcpy_v6.o(.text)
    __rt_memcpy                              0x08000499   Thumb Code   138  rt_memcpy_v6.o(.text)
    _memcpy_lastbytes                        0x080004ff   Thumb Code     0  rt_memcpy_v6.o(.text)
    __aeabi_memcpy4                          0x08000523   Thumb Code     0  rt_memcpy_w.o(.text)
    __aeabi_memcpy8                          0x08000523   Thumb Code     0  rt_memcpy_w.o(.text)
    __rt_memcpy_w                            0x08000523   Thumb Code   100  rt_memcpy_w.o(.text)
    _memcpy_lastbytes_aligned                0x0800056b   Thumb Code     0  rt_memcpy_w.o(.text)
    __aeabi_memset                           0x08000587   Thumb Code    16  aeabi_memset.o(.text)
    __aeabi_memclr                           0x08000597   Thumb Code     0  rt_memclr.o(.text)
    __rt_memclr                              0x08000597   Thumb Code    68  rt_memclr.o(.text)
    _memset                                  0x0800059b   Thumb Code     0  rt_memclr.o(.text)
    __aeabi_memclr4                          0x080005db   Thumb Code     0  rt_memclr_w.o(.text)
    __aeabi_memclr8                          0x080005db   Thumb Code     0  rt_memclr_w.o(.text)
    __rt_memclr_w                            0x080005db   Thumb Code    78  rt_memclr_w.o(.text)
    _memset_w                                0x080005df   Thumb Code     0  rt_memclr_w.o(.text)
    __use_two_region_memory                  0x08000629   Thumb Code     2  heapauxi.o(.text)
    __rt_heap_escrow                         0x0800062b   Thumb Code     2  heapauxi.o(.text)
    __rt_heap_expand                         0x0800062d   Thumb Code     2  heapauxi.o(.text)
    __I$use$semihosting                      0x0800062f   Thumb Code     0  use_no_semi.o(.text)
    __use_no_semihosting_swi                 0x0800062f   Thumb Code     2  use_no_semi.o(.text)
    __rt_heap_descriptor                     0x08000631   Thumb Code     8  rt_heap_descriptor_intlibspace.o(.text)
    _printf_int_common                       0x08000639   Thumb Code   178  _printf_intcommon.o(.text)
    _printf_char_file                        0x080006ed   Thumb Code    32  _printf_char_file.o(.text)
    __user_libspace                          0x08000711   Thumb Code     8  libspace.o(.text)
    __user_perproc_libspace                  0x08000711   Thumb Code     0  libspace.o(.text)
    __user_perthread_libspace                0x08000711   Thumb Code     0  libspace.o(.text)
    _printf_char_common                      0x08000723   Thumb Code    32  _printf_char_common.o(.text)
    ferror                                   0x08000749   Thumb Code     8  ferror.o(.text)
    __user_setup_stackheap                   0x08000751   Thumb Code    74  sys_stackheap_outer.o(.text)
    exit                                     0x0800079b   Thumb Code    18  exit.o(.text)
    ADCX_Init                                0x080007ad   Thumb Code   112  adcx.o(i.ADCX_Init)
    ADC_Cmd                                  0x08000821   Thumb Code    22  stm32f10x_adc.o(i.ADC_Cmd)
    ADC_GetCalibrationStatus                 0x08000837   Thumb Code    20  stm32f10x_adc.o(i.ADC_GetCalibrationStatus)
    ADC_GetConversionValue                   0x0800084b   Thumb Code     8  stm32f10x_adc.o(i.ADC_GetConversionValue)
    ADC_GetFlagStatus                        0x08000853   Thumb Code    18  stm32f10x_adc.o(i.ADC_GetFlagStatus)
    ADC_GetResetCalibrationStatus            0x08000865   Thumb Code    20  stm32f10x_adc.o(i.ADC_GetResetCalibrationStatus)
    ADC_GetValue                             0x08000879   Thumb Code    48  adcx.o(i.ADC_GetValue)
    ADC_Init                                 0x080008ad   Thumb Code    70  stm32f10x_adc.o(i.ADC_Init)
    ADC_RegularChannelConfig                 0x080008fd   Thumb Code   184  stm32f10x_adc.o(i.ADC_RegularChannelConfig)
    ADC_ResetCalibration                     0x080009b5   Thumb Code    10  stm32f10x_adc.o(i.ADC_ResetCalibration)
    ADC_SoftwareStartConvCmd                 0x080009bf   Thumb Code    22  stm32f10x_adc.o(i.ADC_SoftwareStartConvCmd)
    ADC_StartCalibration                     0x080009d5   Thumb Code    10  stm32f10x_adc.o(i.ADC_StartCalibration)
    BusFault_Handler                         0x080009df   Thumb Code     4  stm32f10x_it.o(i.BusFault_Handler)
    Buzzer_Init                              0x080009e5   Thumb Code    46  buzzer.o(i.Buzzer_Init)
    Buzzer_OFF                               0x08000a19   Thumb Code    18  buzzer.o(i.Buzzer_OFF)
    Buzzer_ON                                0x08000a35   Thumb Code    18  buzzer.o(i.Buzzer_ON)
    DHT11_Mode                               0x08000a51   Thumb Code    48  dht11.o(i.DHT11_Mode)
    DHT11_Read_Byte                          0x08000a85   Thumb Code   138  dht11.o(i.DHT11_Read_Byte)
    DHT11_Read_Data                          0x08000b19   Thumb Code   110  dht11.o(i.DHT11_Read_Data)
    DHT11_Sends_Response                     0x08000b89   Thumb Code    96  dht11.o(i.DHT11_Sends_Response)
    DHT11_Sends_Start                        0x08000bf1   Thumb Code    38  dht11.o(i.DHT11_Sends_Start)
    DHT11_UserConfig                         0x08000c1d   Thumb Code    20  dht11.o(i.DHT11_UserConfig)
    DebugMon_Handler                         0x08000c35   Thumb Code     2  stm32f10x_it.o(i.DebugMon_Handler)
    Delay_ms                                 0x08000c37   Thumb Code    24  delay.o(i.Delay_ms)
    Delay_us                                 0x08000c4f   Thumb Code    46  delay.o(i.Delay_us)
    FLASH_ClearFlag                          0x08000c7d   Thumb Code     6  stm32f10x_flash.o(i.FLASH_ClearFlag)
    FLASH_ErasePage                          0x08000c89   Thumb Code    72  stm32f10x_flash.o(i.FLASH_ErasePage)
    FLASH_GetBank1Status                     0x08000cd5   Thumb Code    48  stm32f10x_flash.o(i.FLASH_GetBank1Status)
    FLASH_Lock                               0x08000d09   Thumb Code    14  stm32f10x_flash.o(i.FLASH_Lock)
    FLASH_ProgramHalfWord                    0x08000d1d   Thumb Code    60  stm32f10x_flash.o(i.FLASH_ProgramHalfWord)
    FLASH_R                                  0x08000d5d   Thumb Code     6  flash.o(i.FLASH_R)
    FLASH_Unlock                             0x08000d65   Thumb Code    12  stm32f10x_flash.o(i.FLASH_Unlock)
    FLASH_W                                  0x08000d7d   Thumb Code    78  flash.o(i.FLASH_W)
    FLASH_WaitForLastOperation               0x08000dcb   Thumb Code    38  stm32f10x_flash.o(i.FLASH_WaitForLastOperation)
    GENERAL_TIM_Init                         0x08000df1   Thumb Code    12  tim3.o(i.GENERAL_TIM_Init)
    GP2Y_ADC_Read                            0x08000e6f   Thumb Code    12  gp2y1014au.o(i.GP2Y_ADC_Read)
    GP2Y_Init                                0x08000e7d   Thumb Code    66  gp2y1014au.o(i.GP2Y_Init)
    GPIO_Init                                0x08000ec5   Thumb Code   278  stm32f10x_gpio.o(i.GPIO_Init)
    GPIO_PinRemapConfig                      0x08000fdd   Thumb Code   138  stm32f10x_gpio.o(i.GPIO_PinRemapConfig)
    GPIO_ReadInputDataBit                    0x0800106d   Thumb Code    18  stm32f10x_gpio.o(i.GPIO_ReadInputDataBit)
    GPIO_ResetBits                           0x0800107f   Thumb Code     4  stm32f10x_gpio.o(i.GPIO_ResetBits)
    GPIO_SetBits                             0x08001083   Thumb Code     4  stm32f10x_gpio.o(i.GPIO_SetBits)
    GPIO_WriteBit                            0x08001087   Thumb Code    10  stm32f10x_gpio.o(i.GPIO_WriteBit)
    Get_GP2Y_PM25                            0x08001091   Thumb Code   164  gp2y1014au.o(i.Get_GP2Y_PM25)
    Get_PM25_Average_Data                    0x08001151   Thumb Code    42  gp2y1014au.o(i.Get_PM25_Average_Data)
    HardFault_Handler                        0x0800117b   Thumb Code     4  stm32f10x_it.o(i.HardFault_Handler)
    IWDG_Enable                              0x08001181   Thumb Code    10  stm32f10x_iwdg.o(i.IWDG_Enable)
    IWDG_Init                                0x08001191   Thumb Code    78  iwdg.o(i.IWDG_Init)
    IWDG_ReloadCounter                       0x08001205   Thumb Code    10  stm32f10x_iwdg.o(i.IWDG_ReloadCounter)
    IWDG_SetPrescaler                        0x08001215   Thumb Code     6  stm32f10x_iwdg.o(i.IWDG_SetPrescaler)
    IWDG_SetReload                           0x08001221   Thumb Code     6  stm32f10x_iwdg.o(i.IWDG_SetReload)
    IWDG_WriteAccessCmd                      0x0800122d   Thumb Code     6  stm32f10x_iwdg.o(i.IWDG_WriteAccessCmd)
    Key_Init                                 0x08001239   Thumb Code    40  key.o(i.Key_Init)
    Key_scan                                 0x08001265   Thumb Code   642  key.o(i.Key_scan)
    MOTOR_Direction                          0x08001531   Thumb Code   182  motor.o(i.MOTOR_Direction)
    MOTOR_Direction_Angle                    0x080015e9   Thumb Code    64  motor.o(i.MOTOR_Direction_Angle)
    MOTOR_Rhythm_4_1_4                       0x0800162d   Thumb Code   200  motor.o(i.MOTOR_Rhythm_4_1_4)
    MOTOR_Rhythm_4_1_8                       0x080016f9   Thumb Code   372  motor.o(i.MOTOR_Rhythm_4_1_8)
    MOTOR_Rhythm_4_2_4                       0x08001871   Thumb Code   200  motor.o(i.MOTOR_Rhythm_4_2_4)
    MOTOR_STOP                               0x0800193d   Thumb Code    14  motor.o(i.MOTOR_STOP)
    MOTOR_UserConfig                         0x08001951   Thumb Code    66  motor.o(i.MOTOR_UserConfig)
    MQ2_ADC_Read                             0x0800199d   Thumb Code    12  mq2.o(i.MQ2_ADC_Read)
    MQ2_Average_Data                         0x080019a9   Thumb Code    42  mq2.o(i.MQ2_Average_Data)
    MQ2_Init                                 0x080019d5   Thumb Code    38  mq2.o(i.MQ2_Init)
    MQ2_Voltage_Data                         0x08001a01   Thumb Code    38  mq2.o(i.MQ2_Voltage_Data)
    MemManage_Handler                        0x08001a2d   Thumb Code     4  stm32f10x_it.o(i.MemManage_Handler)
    Menu1                                    0x08001a31   Thumb Code   348  menu.o(i.Menu1)
    Menu2                                    0x08001bb5   Thumb Code   194  menu.o(i.Menu2)
    NMI_Handler                              0x08001c81   Thumb Code     2  stm32f10x_it.o(i.NMI_Handler)
    NVIC_Init                                0x08001c85   Thumb Code   100  misc.o(i.NVIC_Init)
    NVIC_PriorityGroupConfig                 0x08001cf5   Thumb Code    10  misc.o(i.NVIC_PriorityGroupConfig)
    OLED_Clear                               0x08001d09   Thumb Code    42  oled.o(i.OLED_Clear)
    OLED_I2C_Init                            0x08001d35   Thumb Code    58  oled.o(i.OLED_I2C_Init)
    OLED_I2C_SendByte                        0x08001d75   Thumb Code    80  oled.o(i.OLED_I2C_SendByte)
    OLED_I2C_Start                           0x08001dc9   Thumb Code    48  oled.o(i.OLED_I2C_Start)
    OLED_I2C_Stop                            0x08001dfd   Thumb Code    36  oled.o(i.OLED_I2C_Stop)
    OLED_Init                                0x08001e25   Thumb Code   174  oled.o(i.OLED_Init)
    OLED_Option                              0x08001ed3   Thumb Code   196  menu.o(i.OLED_Option)
    OLED_Pow                                 0x08001f97   Thumb Code    20  oled.o(i.OLED_Pow)
    OLED_SetCursor                           0x08001fab   Thumb Code    34  oled.o(i.OLED_SetCursor)
    OLED_ShowChar                            0x08001fcd   Thumb Code   110  oled.o(i.OLED_ShowChar)
    OLED_ShowChinese                         0x08002041   Thumb Code   102  oled.o(i.OLED_ShowChinese)
    OLED_ShowNum                             0x080020ad   Thumb Code    68  oled.o(i.OLED_ShowNum)
    OLED_ShowString                          0x080020f1   Thumb Code    40  oled.o(i.OLED_ShowString)
    OLED_WriteCommand                        0x08002119   Thumb Code    32  oled.o(i.OLED_WriteCommand)
    OLED_WriteData                           0x08002139   Thumb Code    32  oled.o(i.OLED_WriteData)
    PendSV_Handler                           0x08002159   Thumb Code     2  stm32f10x_it.o(i.PendSV_Handler)
    RCC_ADCCLKConfig                         0x0800215d   Thumb Code    18  stm32f10x_rcc.o(i.RCC_ADCCLKConfig)
    RCC_APB1PeriphClockCmd                   0x08002175   Thumb Code    26  stm32f10x_rcc.o(i.RCC_APB1PeriphClockCmd)
    RCC_APB2PeriphClockCmd                   0x08002195   Thumb Code    26  stm32f10x_rcc.o(i.RCC_APB2PeriphClockCmd)
    RCC_ClearFlag                            0x080021b5   Thumb Code    14  stm32f10x_rcc.o(i.RCC_ClearFlag)
    RCC_GetClocksFreq                        0x080021c9   Thumb Code   192  stm32f10x_rcc.o(i.RCC_GetClocksFreq)
    RCC_GetFlagStatus                        0x0800229d   Thumb Code    56  stm32f10x_rcc.o(i.RCC_GetFlagStatus)
    RCC_LSICmd                               0x080022d9   Thumb Code     6  stm32f10x_rcc.o(i.RCC_LSICmd)
    Relay_Init                               0x080022e5   Thumb Code    40  relay.o(i.Relay_Init)
    Relay_OFF                                0x08002311   Thumb Code    32  relay.o(i.Relay_OFF)
    Relay_ON                                 0x08002335   Thumb Code    32  relay.o(i.Relay_ON)
    SVC_Handler                              0x08002359   Thumb Code     2  stm32f10x_it.o(i.SVC_Handler)
    Smog_GetPPM                              0x08002445   Thumb Code    20  mq2.o(i.Smog_GetPPM)
    SysTick_Handler                          0x0800245d   Thumb Code     2  stm32f10x_it.o(i.SysTick_Handler)
    SystemInit                               0x08002461   Thumb Code    78  system_stm32f10x.o(i.SystemInit)
    TIM2_IRQHandler                          0x080024c1   Thumb Code   294  tim2.o(i.TIM2_IRQHandler)
    TIM3_IRQHandler                          0x08002621   Thumb Code    26  tim3.o(i.TIM3_IRQHandler)
    TIM_ClearFlag                            0x08002641   Thumb Code     6  stm32f10x_tim.o(i.TIM_ClearFlag)
    TIM_ClearITPendingBit                    0x08002647   Thumb Code     6  stm32f10x_tim.o(i.TIM_ClearITPendingBit)
    TIM_Cmd                                  0x0800264d   Thumb Code    24  stm32f10x_tim.o(i.TIM_Cmd)
    TIM_GetITStatus                          0x08002665   Thumb Code    34  stm32f10x_tim.o(i.TIM_GetITStatus)
    TIM_ITConfig                             0x08002687   Thumb Code    18  stm32f10x_tim.o(i.TIM_ITConfig)
    TIM_TimeBaseInit                         0x08002699   Thumb Code   122  stm32f10x_tim.o(i.TIM_TimeBaseInit)
    Timer2_Init                              0x0800273d   Thumb Code    94  tim2.o(i.Timer2_Init)
    USART1_IRQHandler                        0x0800279d   Thumb Code    24  usart.o(i.USART1_IRQHandler)
    USART2_IRQHandler                        0x080027b9   Thumb Code    34  usart.o(i.USART2_IRQHandler)
    USART_Cmd                                0x080027e1   Thumb Code    24  stm32f10x_usart.o(i.USART_Cmd)
    USART_GetFlagStatus                      0x080027f9   Thumb Code    26  stm32f10x_usart.o(i.USART_GetFlagStatus)
    USART_GetITStatus                        0x08002813   Thumb Code    84  stm32f10x_usart.o(i.USART_GetITStatus)
    USART_ITConfig                           0x08002867   Thumb Code    74  stm32f10x_usart.o(i.USART_ITConfig)
    USART_Init                               0x080028b1   Thumb Code   210  stm32f10x_usart.o(i.USART_Init)
    USART_ReceiveData                        0x08002989   Thumb Code    10  stm32f10x_usart.o(i.USART_ReceiveData)
    USART_SendData                           0x08002993   Thumb Code     8  stm32f10x_usart.o(i.USART_SendData)
    UsageFault_Handler                       0x0800299b   Thumb Code     4  stm32f10x_it.o(i.UsageFault_Handler)
    _is_digit                                0x0800299f   Thumb Code    14  __printf_wp.o(i._is_digit)
    _sys_exit                                0x080029ad   Thumb Code     4  usart.o(i._sys_exit)
    calculateDynamicBitPartLen               0x080029b1   Thumb Code    70  gizwits_protocol.o(i.calculateDynamicBitPartLen)
    exchangeBytes                            0x080029f7   Thumb Code    26  common.o(i.exchangeBytes)
    exchangeWord                             0x08002a11   Thumb Code    26  common.o(i.exchangeWord)
    fputc                                    0x08002a2d   Thumb Code    24  usart.o(i.fputc)
    gizAcrossByteJudge                       0x08002a49   Thumb Code    42  datapointtools.o(i.gizAcrossByteJudge)
    gizByteOrderExchange                     0x08002a73   Thumb Code    50  datapointtools.o(i.gizByteOrderExchange)
    gizGetTimerCount                         0x08003195   Thumb Code     6  gizwits_product.o(i.gizGetTimerCount)
    gizProtocolSum                           0x0800409d   Thumb Code    38  common.o(i.gizProtocolSum)
    gizPutData                               0x08004175   Thumb Code    52  gizwits_protocol.o(i.gizPutData)
    gizTimerMs                               0x080042e1   Thumb Code    12  gizwits_product.o(i.gizTimerMs)
    gizVarlenCompressValue                   0x080042f1   Thumb Code   124  datapointtools.o(i.gizVarlenCompressValue)
    gizVarlenDecompressionValue              0x0800436d   Thumb Code   196  datapointtools.o(i.gizVarlenDecompressionValue)
    gizY2X                                   0x08004431   Thumb Code    14  datapointtools.o(i.gizY2X)
    gizwitsEventProcess                      0x08004441   Thumb Code   396  gizwits_product.o(i.gizwitsEventProcess)
    gizwitsHandle                            0x080046c1   Thumb Code   608  gizwits_protocol.o(i.gizwitsHandle)
    gizwitsInit                              0x08004a3d   Thumb Code    48  gizwits_protocol.o(i.gizwitsInit)
    gizwitsSetMode                           0x08004aa1   Thumb Code   590  gizwits_protocol.o(i.gizwitsSetMode)
    main                                     0x08004d29   Thumb Code   816  main.o(i.main)
    mcuRestart                               0x08005095   Thumb Code    10  gizwits_product.o(i.mcuRestart)
    rbCanRead                                0x0800509f   Thumb Code    58  ringbuffer.o(i.rbCanRead)
    rbCanWrite                               0x080050d9   Thumb Code    30  ringbuffer.o(i.rbCanWrite)
    rbCapacity                               0x080050f7   Thumb Code    14  ringbuffer.o(i.rbCapacity)
    rbCreate                                 0x08005105   Thumb Code    20  ringbuffer.o(i.rbCreate)
    rbRead                                   0x08005119   Thumb Code   190  ringbuffer.o(i.rbRead)
    rbReadIndicator                          0x080051d7   Thumb Code    30  ringbuffer.o(i.rbReadIndicator)
    rbWrite                                  0x080051f5   Thumb Code   186  ringbuffer.o(i.rbWrite)
    rbWriteIndicator                         0x080052af   Thumb Code    30  ringbuffer.o(i.rbWriteIndicator)
    uart1_init                               0x080052cd   Thumb Code   154  usart.o(i.uart1_init)
    uart2_init                               0x08005371   Thumb Code   156  usart.o(i.uart2_init)
    uartWrite                                0x08005415   Thumb Code   144  gizwits_product.o(i.uartWrite)
    userHandle                               0x080054c9   Thumb Code    50  gizwits_product.o(i.userHandle)
    userInit                                 0x08005515   Thumb Code    12  gizwits_product.o(i.userInit)
    __aeabi_dadd                             0x08005525   Thumb Code     0  daddsub_clz.o(x$fpl$dadd)
    _dadd                                    0x08005525   Thumb Code   332  daddsub_clz.o(x$fpl$dadd)
    __aeabi_d2iz                             0x08005675   Thumb Code     0  dfix.o(x$fpl$dfix)
    _dfix                                    0x08005675   Thumb Code    94  dfix.o(x$fpl$dfix)
    __aeabi_dmul                             0x080056d5   Thumb Code     0  dmul.o(x$fpl$dmul)
    _dmul                                    0x080056d5   Thumb Code   332  dmul.o(x$fpl$dmul)
    __fpl_dnaninf                            0x08005829   Thumb Code   156  dnaninf.o(x$fpl$dnaninf)
    __fpl_dretinf                            0x080058c5   Thumb Code    12  dretinf.o(x$fpl$dretinf)
    __aeabi_dsub                             0x080058d1   Thumb Code     0  daddsub_clz.o(x$fpl$dsub)
    _dsub                                    0x080058d1   Thumb Code   464  daddsub_clz.o(x$fpl$dsub)
    __aeabi_f2d                              0x08005aa5   Thumb Code     0  f2d.o(x$fpl$f2d)
    _f2d                                     0x08005aa5   Thumb Code    86  f2d.o(x$fpl$f2d)
    __aeabi_fdiv                             0x08005afd   Thumb Code     0  fdiv.o(x$fpl$fdiv)
    _fdiv                                    0x08005afd   Thumb Code   384  fdiv.o(x$fpl$fdiv)
    __aeabi_f2uiz                            0x08005c81   Thumb Code     0  ffixu.o(x$fpl$ffixu)
    _ffixu                                   0x08005c81   Thumb Code    62  ffixu.o(x$fpl$ffixu)
    __aeabi_ui2f                             0x08005cc1   Thumb Code     0  fflt_clz.o(x$fpl$ffltu)
    _ffltu                                   0x08005cc1   Thumb Code    38  fflt_clz.o(x$fpl$ffltu)
    __aeabi_fmul                             0x08005ce9   Thumb Code     0  fmul.o(x$fpl$fmul)
    _fmul                                    0x08005ce9   Thumb Code   258  fmul.o(x$fpl$fmul)
    __fpl_fnaninf                            0x08005deb   Thumb Code   140  fnaninf.o(x$fpl$fnaninf)
    __fpl_fretinf                            0x08005e77   Thumb Code    10  fretinf.o(x$fpl$fretinf)
    OLED_F8x16                               0x08005e80   Data        1520  oled.o(.constdata)
    __I$use$fp                               0x08005e80   Number         0  usenofp.o(x$fpl$usenofp)
    Hzk1                                     0x08006470   Data         576  oled.o(.constdata)
    Region$$Table$$Base                      0x080066ec   Number         0  anon$$obj.o(Region$$Table)
    Region$$Table$$Limit                     0x0800670c   Number         0  anon$$obj.o(Region$$Table)
    Menu                                     0x20000014   Data           1  main.o(.data)
    Model_Flag                               0x20000015   Data           1  main.o(.data)
    Window_Flag_ON                           0x20000016   Data           1  main.o(.data)
    Window_Flag_OFF                          0x20000017   Data           1  main.o(.data)
    Temp_value                               0x20000018   Data           1  main.o(.data)
    Humi_value                               0x20000019   Data           1  main.o(.data)
    Smog_value                               0x2000001a   Data           2  main.o(.data)
    PM25_value                               0x2000001c   Data           2  main.o(.data)
    old_Temp_value                           0x2000001e   Data           1  main.o(.data)
    old_Humi_value                           0x2000001f   Data           1  main.o(.data)
    old_Smog_value                           0x20000020   Data           2  main.o(.data)
    old_PM25_value                           0x20000022   Data           2  main.o(.data)
    value_Option_Num                         0x20000024   Data           1  main.o(.data)
    Humi                                     0x20000026   Data           1  menu.o(.data)
    Temp                                     0x20000027   Data           1  menu.o(.data)
    pm25                                     0x20000028   Data           2  menu.o(.data)
    ppm                                      0x2000002a   Data           2  menu.o(.data)
    Time                                     0x2000002c   Data           1  dht11.o(.data)
    FLAG                                     0x2000002d   Data           1  motor.o(.data)
    Buzzer_Flag                              0x2000002e   Data           1  buzzer.o(.data)
    key1_long_flag                           0x20000030   Data           1  key.o(.data)
    key2_long_flag                           0x20000031   Data           1  key.o(.data)
    key3_long_flag                           0x20000032   Data           1  key.o(.data)
    key4_long_flag                           0x20000033   Data           1  key.o(.data)
    key1_lock_flag                           0x20000034   Data           1  key.o(.data)
    key2_lock_flag                           0x20000035   Data           1  key.o(.data)
    key3_lock_flag                           0x20000036   Data           1  key.o(.data)
    key4_lock_flag                           0x20000037   Data           1  key.o(.data)
    key1_cnt                                 0x20000038   Data           2  key.o(.data)
    key2_cnt                                 0x2000003a   Data           2  key.o(.data)
    key3_cnt                                 0x2000003c   Data           2  key.o(.data)
    key4_cnt                                 0x2000003e   Data           2  key.o(.data)
    key1_cnt2                                0x20000040   Data           2  key.o(.data)
    key2_cnt2                                0x20000042   Data           2  key.o(.data)
    key3_cnt2                                0x20000044   Data           2  key.o(.data)
    key4_cnt2                                0x20000046   Data           2  key.o(.data)
    KeyNum                                   0x20000048   Data           1  key.o(.data)
    __stdout                                 0x2000004c   Data           4  usart.o(.data)
    USART_RX_STA                             0x20000050   Data           2  usart.o(.data)
    Window_Flag_lock                         0x20000052   Data           1  tim2.o(.data)
    Buzzer_Flag_lock                         0x20000053   Data           1  tim2.o(.data)
    aRxBuffer                                0x20000068   Data           1  gizwits_product.o(.data)
    gizwitsProtocol                          0x2000006c   Data        1088  gizwits_protocol.o(.bss)
    pRb                                      0x200004ac   Data          16  gizwits_protocol.o(.bss)
    currentDataPoint                         0x200006ea   Data          21  gizwits_product.o(.bss)
    __libspace_start                         0x20000700   Data          96  libspace.o(.bss)
    __temporary_stack_top$libspace           0x20000760   Data           0  libspace.o(.bss)



==============================================================================

Memory Map of the image

  Image Entry point : 0x080000ed

  Load Region LR_IROM1 (Base: 0x08000000, Size: 0x00006778, Max: 0x00010000, ABSOLUTE)

    Execution Region ER_IROM1 (Exec base: 0x08000000, Load base: 0x08000000, Size: 0x0000670c, Max: 0x00010000, ABSOLUTE)

    Exec Addr    Load Addr    Size         Type   Attr      Idx    E Section Name        Object

    0x08000000   0x08000000   0x000000ec   Data   RO            3    RESET               startup_stm32f10x_md.o
    0x080000ec   0x080000ec   0x00000008   Code   RO         4579  * !!!main             c_w.l(__main.o)
    0x080000f4   0x080000f4   0x00000034   Code   RO         4856    !!!scatter          c_w.l(__scatter.o)
    0x08000128   0x08000128   0x0000001a   Code   RO         4858    !!handler_copy      c_w.l(__scatter_copy.o)
    0x08000142   0x08000142   0x00000002   PAD
    0x08000144   0x08000144   0x0000001c   Code   RO         4860    !!handler_zi        c_w.l(__scatter_zi.o)
    0x08000160   0x08000160   0x00000000   Code   RO         4564    .ARM.Collect$$_printf_percent$$00000000  c_w.l(_printf_percent.o)
    0x08000160   0x08000160   0x00000006   Code   RO         4563    .ARM.Collect$$_printf_percent$$00000009  c_w.l(_printf_d.o)
    0x08000166   0x08000166   0x00000006   Code   RO         4562    .ARM.Collect$$_printf_percent$$0000000C  c_w.l(_printf_x.o)
    0x0800016c   0x0800016c   0x00000004   Code   RO         4655    .ARM.Collect$$_printf_percent$$00000017  c_w.l(_printf_percent_end.o)
    0x08000170   0x08000170   0x00000002   Code   RO         4788    .ARM.Collect$$libinit$$00000000  c_w.l(libinit.o)
    0x08000172   0x08000172   0x00000000   Code   RO         4717    .ARM.Collect$$libinit$$00000002  c_w.l(libinit2.o)
    0x08000172   0x08000172   0x00000000   Code   RO         4719    .ARM.Collect$$libinit$$00000004  c_w.l(libinit2.o)
    0x08000172   0x08000172   0x00000000   Code   RO         4722    .ARM.Collect$$libinit$$0000000A  c_w.l(libinit2.o)
    0x08000172   0x08000172   0x00000000   Code   RO         4724    .ARM.Collect$$libinit$$0000000C  c_w.l(libinit2.o)
    0x08000172   0x08000172   0x00000000   Code   RO         4726    .ARM.Collect$$libinit$$0000000E  c_w.l(libinit2.o)
    0x08000172   0x08000172   0x00000000   Code   RO         4729    .ARM.Collect$$libinit$$00000011  c_w.l(libinit2.o)
    0x08000172   0x08000172   0x00000000   Code   RO         4731    .ARM.Collect$$libinit$$00000013  c_w.l(libinit2.o)
    0x08000172   0x08000172   0x00000000   Code   RO         4733    .ARM.Collect$$libinit$$00000015  c_w.l(libinit2.o)
    0x08000172   0x08000172   0x00000000   Code   RO         4735    .ARM.Collect$$libinit$$00000017  c_w.l(libinit2.o)
    0x08000172   0x08000172   0x00000000   Code   RO         4737    .ARM.Collect$$libinit$$00000019  c_w.l(libinit2.o)
    0x08000172   0x08000172   0x00000000   Code   RO         4739    .ARM.Collect$$libinit$$0000001B  c_w.l(libinit2.o)
    0x08000172   0x08000172   0x00000000   Code   RO         4741    .ARM.Collect$$libinit$$0000001D  c_w.l(libinit2.o)
    0x08000172   0x08000172   0x00000000   Code   RO         4743    .ARM.Collect$$libinit$$0000001F  c_w.l(libinit2.o)
    0x08000172   0x08000172   0x00000000   Code   RO         4745    .ARM.Collect$$libinit$$00000021  c_w.l(libinit2.o)
    0x08000172   0x08000172   0x00000000   Code   RO         4747    .ARM.Collect$$libinit$$00000023  c_w.l(libinit2.o)
    0x08000172   0x08000172   0x00000000   Code   RO         4749    .ARM.Collect$$libinit$$00000025  c_w.l(libinit2.o)
    0x08000172   0x08000172   0x00000000   Code   RO         4753    .ARM.Collect$$libinit$$0000002C  c_w.l(libinit2.o)
    0x08000172   0x08000172   0x00000000   Code   RO         4755    .ARM.Collect$$libinit$$0000002E  c_w.l(libinit2.o)
    0x08000172   0x08000172   0x00000000   Code   RO         4757    .ARM.Collect$$libinit$$00000030  c_w.l(libinit2.o)
    0x08000172   0x08000172   0x00000000   Code   RO         4759    .ARM.Collect$$libinit$$00000032  c_w.l(libinit2.o)
    0x08000172   0x08000172   0x00000002   Code   RO         4760    .ARM.Collect$$libinit$$00000033  c_w.l(libinit2.o)
    0x08000174   0x08000174   0x00000002   Code   RO         4853    .ARM.Collect$$libshutdown$$00000000  c_w.l(libshutdown.o)
    0x08000176   0x08000176   0x00000000   Code   RO         4807    .ARM.Collect$$libshutdown$$00000002  c_w.l(libshutdown2.o)
    0x08000176   0x08000176   0x00000000   Code   RO         4809    .ARM.Collect$$libshutdown$$00000004  c_w.l(libshutdown2.o)
    0x08000176   0x08000176   0x00000000   Code   RO         4811    .ARM.Collect$$libshutdown$$00000006  c_w.l(libshutdown2.o)
    0x08000176   0x08000176   0x00000000   Code   RO         4814    .ARM.Collect$$libshutdown$$00000009  c_w.l(libshutdown2.o)
    0x08000176   0x08000176   0x00000000   Code   RO         4817    .ARM.Collect$$libshutdown$$0000000C  c_w.l(libshutdown2.o)
    0x08000176   0x08000176   0x00000000   Code   RO         4819    .ARM.Collect$$libshutdown$$0000000E  c_w.l(libshutdown2.o)
    0x08000176   0x08000176   0x00000000   Code   RO         4822    .ARM.Collect$$libshutdown$$00000011  c_w.l(libshutdown2.o)
    0x08000176   0x08000176   0x00000002   Code   RO         4823    .ARM.Collect$$libshutdown$$00000012  c_w.l(libshutdown2.o)
    0x08000178   0x08000178   0x00000000   Code   RO         4621    .ARM.Collect$$rtentry$$00000000  c_w.l(__rtentry.o)
    0x08000178   0x08000178   0x00000000   Code   RO         4669    .ARM.Collect$$rtentry$$00000002  c_w.l(__rtentry2.o)
    0x08000178   0x08000178   0x00000006   Code   RO         4681    .ARM.Collect$$rtentry$$00000004  c_w.l(__rtentry4.o)
    0x0800017e   0x0800017e   0x00000000   Code   RO         4671    .ARM.Collect$$rtentry$$00000009  c_w.l(__rtentry2.o)
    0x0800017e   0x0800017e   0x00000004   Code   RO         4672    .ARM.Collect$$rtentry$$0000000A  c_w.l(__rtentry2.o)
    0x08000182   0x08000182   0x00000000   Code   RO         4674    .ARM.Collect$$rtentry$$0000000C  c_w.l(__rtentry2.o)
    0x08000182   0x08000182   0x00000008   Code   RO         4675    .ARM.Collect$$rtentry$$0000000D  c_w.l(__rtentry2.o)
    0x0800018a   0x0800018a   0x00000002   Code   RO         4792    .ARM.Collect$$rtexit$$00000000  c_w.l(rtexit.o)
    0x0800018c   0x0800018c   0x00000000   Code   RO         4827    .ARM.Collect$$rtexit$$00000002  c_w.l(rtexit2.o)
    0x0800018c   0x0800018c   0x00000004   Code   RO         4828    .ARM.Collect$$rtexit$$00000003  c_w.l(rtexit2.o)
    0x08000190   0x08000190   0x00000006   Code   RO         4829    .ARM.Collect$$rtexit$$00000004  c_w.l(rtexit2.o)
    0x08000196   0x08000196   0x00000002   PAD
    0x08000198   0x08000198   0x00000040   Code   RO            4    .text               startup_stm32f10x_md.o
    0x080001d8   0x080001d8   0x00000002   Code   RO         4451    .text               c_w.l(use_no_semi_2.o)
    0x080001da   0x080001da   0x0000004e   Code   RO         4455    .text               c_w.l(h1_free.o)
    0x08000228   0x08000228   0x00000018   Code   RO         4513    .text               c_w.l(noretval__2printf.o)
    0x08000240   0x08000240   0x0000004e   Code   RO         4517    .text               c_w.l(_printf_pad.o)
    0x0800028e   0x0800028e   0x00000002   PAD
    0x08000290   0x08000290   0x00000078   Code   RO         4519    .text               c_w.l(_printf_dec.o)
    0x08000308   0x08000308   0x00000058   Code   RO         4524    .text               c_w.l(_printf_hex_int.o)
    0x08000360   0x08000360   0x00000138   Code   RO         4554    .text               c_w.l(__printf_flags_wp.o)
    0x08000498   0x08000498   0x0000008a   Code   RO         4567    .text               c_w.l(rt_memcpy_v6.o)
    0x08000522   0x08000522   0x00000064   Code   RO         4569    .text               c_w.l(rt_memcpy_w.o)
    0x08000586   0x08000586   0x00000010   Code   RO         4571    .text               c_w.l(aeabi_memset.o)
    0x08000596   0x08000596   0x00000044   Code   RO         4573    .text               c_w.l(rt_memclr.o)
    0x080005da   0x080005da   0x0000004e   Code   RO         4575    .text               c_w.l(rt_memclr_w.o)
    0x08000628   0x08000628   0x00000006   Code   RO         4577    .text               c_w.l(heapauxi.o)
    0x0800062e   0x0800062e   0x00000002   Code   RO         4617    .text               c_w.l(use_no_semi.o)
    0x08000630   0x08000630   0x00000008   Code   RO         4627    .text               c_w.l(rt_heap_descriptor_intlibspace.o)
    0x08000638   0x08000638   0x000000b2   Code   RO         4651    .text               c_w.l(_printf_intcommon.o)
    0x080006ea   0x080006ea   0x00000002   PAD
    0x080006ec   0x080006ec   0x00000024   Code   RO         4653    .text               c_w.l(_printf_char_file.o)
    0x08000710   0x08000710   0x00000008   Code   RO         4665    .text               c_w.l(libspace.o)
    0x08000718   0x08000718   0x00000030   Code   RO         4698    .text               c_w.l(_printf_char_common.o)
    0x08000748   0x08000748   0x00000008   Code   RO         4700    .text               c_w.l(ferror.o)
    0x08000750   0x08000750   0x0000004a   Code   RO         4763    .text               c_w.l(sys_stackheap_outer.o)
    0x0800079a   0x0800079a   0x00000012   Code   RO         4773    .text               c_w.l(exit.o)
    0x080007ac   0x080007ac   0x00000074   Code   RO         3751    i.ADCX_Init         adcx.o
    0x08000820   0x08000820   0x00000016   Code   RO          202    i.ADC_Cmd           stm32f10x_adc.o
    0x08000836   0x08000836   0x00000014   Code   RO          210    i.ADC_GetCalibrationStatus  stm32f10x_adc.o
    0x0800084a   0x0800084a   0x00000008   Code   RO          211    i.ADC_GetConversionValue  stm32f10x_adc.o
    0x08000852   0x08000852   0x00000012   Code   RO          213    i.ADC_GetFlagStatus  stm32f10x_adc.o
    0x08000864   0x08000864   0x00000014   Code   RO          216    i.ADC_GetResetCalibrationStatus  stm32f10x_adc.o
    0x08000878   0x08000878   0x00000034   Code   RO         3752    i.ADC_GetValue      adcx.o
    0x080008ac   0x080008ac   0x00000050   Code   RO          220    i.ADC_Init          stm32f10x_adc.o
    0x080008fc   0x080008fc   0x000000b8   Code   RO          224    i.ADC_RegularChannelConfig  stm32f10x_adc.o
    0x080009b4   0x080009b4   0x0000000a   Code   RO          225    i.ADC_ResetCalibration  stm32f10x_adc.o
    0x080009be   0x080009be   0x00000016   Code   RO          227    i.ADC_SoftwareStartConvCmd  stm32f10x_adc.o
    0x080009d4   0x080009d4   0x0000000a   Code   RO          229    i.ADC_StartCalibration  stm32f10x_adc.o
    0x080009de   0x080009de   0x00000004   Code   RO         3300    i.BusFault_Handler  stm32f10x_it.o
    0x080009e2   0x080009e2   0x00000002   PAD
    0x080009e4   0x080009e4   0x00000034   Code   RO         3625    i.Buzzer_Init       buzzer.o
    0x08000a18   0x08000a18   0x0000001c   Code   RO         3626    i.Buzzer_OFF        buzzer.o
    0x08000a34   0x08000a34   0x0000001c   Code   RO         3627    i.Buzzer_ON         buzzer.o
    0x08000a50   0x08000a50   0x00000034   Code   RO         3526    i.DHT11_Mode        dht11.o
    0x08000a84   0x08000a84   0x00000094   Code   RO         3527    i.DHT11_Read_Byte   dht11.o
    0x08000b18   0x08000b18   0x0000006e   Code   RO         3528    i.DHT11_Read_Data   dht11.o
    0x08000b86   0x08000b86   0x00000002   PAD
    0x08000b88   0x08000b88   0x00000068   Code   RO         3529    i.DHT11_Sends_Response  dht11.o
    0x08000bf0   0x08000bf0   0x0000002c   Code   RO         3530    i.DHT11_Sends_Start  dht11.o
    0x08000c1c   0x08000c1c   0x00000018   Code   RO         3531    i.DHT11_UserConfig  dht11.o
    0x08000c34   0x08000c34   0x00000002   Code   RO         3301    i.DebugMon_Handler  stm32f10x_it.o
    0x08000c36   0x08000c36   0x00000018   Code   RO         3826    i.Delay_ms          delay.o
    0x08000c4e   0x08000c4e   0x0000002e   Code   RO         3828    i.Delay_us          delay.o
    0x08000c7c   0x08000c7c   0x0000000c   Code   RO         1041    i.FLASH_ClearFlag   stm32f10x_flash.o
    0x08000c88   0x08000c88   0x0000004c   Code   RO         1046    i.FLASH_ErasePage   stm32f10x_flash.o
    0x08000cd4   0x08000cd4   0x00000034   Code   RO         1047    i.FLASH_GetBank1Status  stm32f10x_flash.o
    0x08000d08   0x08000d08   0x00000014   Code   RO         1056    i.FLASH_Lock        stm32f10x_flash.o
    0x08000d1c   0x08000d1c   0x00000040   Code   RO         1059    i.FLASH_ProgramHalfWord  stm32f10x_flash.o
    0x08000d5c   0x08000d5c   0x00000006   Code   RO         3679    i.FLASH_R           flash.o
    0x08000d62   0x08000d62   0x00000002   PAD
    0x08000d64   0x08000d64   0x00000018   Code   RO         1064    i.FLASH_Unlock      stm32f10x_flash.o
    0x08000d7c   0x08000d7c   0x0000004e   Code   RO         3680    i.FLASH_W           flash.o
    0x08000dca   0x08000dca   0x00000026   Code   RO         1068    i.FLASH_WaitForLastOperation  stm32f10x_flash.o
    0x08000df0   0x08000df0   0x0000000c   Code   RO         3906    i.GENERAL_TIM_Init  tim3.o
    0x08000dfc   0x08000dfc   0x00000050   Code   RO         3907    i.GENERAL_TIM_Mode_Config  tim3.o
    0x08000e4c   0x08000e4c   0x00000022   Code   RO         3908    i.GENERAL_TIM_NVIC_Config  tim3.o
    0x08000e6e   0x08000e6e   0x0000000c   Code   RO         3769    i.GP2Y_ADC_Read     gp2y1014au.o
    0x08000e7a   0x08000e7a   0x00000002   PAD
    0x08000e7c   0x08000e7c   0x00000048   Code   RO         3770    i.GP2Y_Init         gp2y1014au.o
    0x08000ec4   0x08000ec4   0x00000116   Code   RO         1347    i.GPIO_Init         stm32f10x_gpio.o
    0x08000fda   0x08000fda   0x00000002   PAD
    0x08000fdc   0x08000fdc   0x00000090   Code   RO         1349    i.GPIO_PinRemapConfig  stm32f10x_gpio.o
    0x0800106c   0x0800106c   0x00000012   Code   RO         1351    i.GPIO_ReadInputDataBit  stm32f10x_gpio.o
    0x0800107e   0x0800107e   0x00000004   Code   RO         1354    i.GPIO_ResetBits    stm32f10x_gpio.o
    0x08001082   0x08001082   0x00000004   Code   RO         1355    i.GPIO_SetBits      stm32f10x_gpio.o
    0x08001086   0x08001086   0x0000000a   Code   RO         1358    i.GPIO_WriteBit     stm32f10x_gpio.o
    0x08001090   0x08001090   0x000000c0   Code   RO         3771    i.Get_GP2Y_PM25     gp2y1014au.o
    0x08001150   0x08001150   0x0000002a   Code   RO         3772    i.Get_PM25_Average_Data  gp2y1014au.o
    0x0800117a   0x0800117a   0x00000004   Code   RO         3302    i.HardFault_Handler  stm32f10x_it.o
    0x0800117e   0x0800117e   0x00000002   PAD
    0x08001180   0x08001180   0x00000010   Code   RO         1665    i.IWDG_Enable       stm32f10x_iwdg.o
    0x08001190   0x08001190   0x00000074   Code   RO         3700    i.IWDG_Init         iwdg.o
    0x08001204   0x08001204   0x00000010   Code   RO         1667    i.IWDG_ReloadCounter  stm32f10x_iwdg.o
    0x08001214   0x08001214   0x0000000c   Code   RO         1668    i.IWDG_SetPrescaler  stm32f10x_iwdg.o
    0x08001220   0x08001220   0x0000000c   Code   RO         1669    i.IWDG_SetReload    stm32f10x_iwdg.o
    0x0800122c   0x0800122c   0x0000000c   Code   RO         1670    i.IWDG_WriteAccessCmd  stm32f10x_iwdg.o
    0x08001238   0x08001238   0x0000002c   Code   RO         3655    i.Key_Init          key.o
    0x08001264   0x08001264   0x000002cc   Code   RO         3656    i.Key_scan          key.o
    0x08001530   0x08001530   0x000000b6   Code   RO         3571    i.MOTOR_Direction   motor.o
    0x080015e6   0x080015e6   0x00000002   PAD
    0x080015e8   0x080015e8   0x00000044   Code   RO         3572    i.MOTOR_Direction_Angle  motor.o
    0x0800162c   0x0800162c   0x000000cc   Code   RO         3573    i.MOTOR_Rhythm_4_1_4  motor.o
    0x080016f8   0x080016f8   0x00000178   Code   RO         3574    i.MOTOR_Rhythm_4_1_8  motor.o
    0x08001870   0x08001870   0x000000cc   Code   RO         3575    i.MOTOR_Rhythm_4_2_4  motor.o
    0x0800193c   0x0800193c   0x00000014   Code   RO         3576    i.MOTOR_STOP        motor.o
    0x08001950   0x08001950   0x0000004c   Code   RO         3577    i.MOTOR_UserConfig  motor.o
    0x0800199c   0x0800199c   0x0000000c   Code   RO         3715    i.MQ2_ADC_Read      mq2.o
    0x080019a8   0x080019a8   0x0000002a   Code   RO         3716    i.MQ2_Average_Data  mq2.o
    0x080019d2   0x080019d2   0x00000002   PAD
    0x080019d4   0x080019d4   0x0000002c   Code   RO         3717    i.MQ2_Init          mq2.o
    0x08001a00   0x08001a00   0x0000002c   Code   RO         3718    i.MQ2_Voltage_Data  mq2.o
    0x08001a2c   0x08001a2c   0x00000004   Code   RO         3303    i.MemManage_Handler  stm32f10x_it.o
    0x08001a30   0x08001a30   0x00000184   Code   RO         3480    i.Menu1             menu.o
    0x08001bb4   0x08001bb4   0x000000cc   Code   RO         3481    i.Menu2             menu.o
    0x08001c80   0x08001c80   0x00000002   Code   RO         3304    i.NMI_Handler       stm32f10x_it.o
    0x08001c82   0x08001c82   0x00000002   PAD
    0x08001c84   0x08001c84   0x00000070   Code   RO          137    i.NVIC_Init         misc.o
    0x08001cf4   0x08001cf4   0x00000014   Code   RO          138    i.NVIC_PriorityGroupConfig  misc.o
    0x08001d08   0x08001d08   0x0000002a   Code   RO         3363    i.OLED_Clear        oled.o
    0x08001d32   0x08001d32   0x00000002   PAD
    0x08001d34   0x08001d34   0x00000040   Code   RO         3364    i.OLED_I2C_Init     oled.o
    0x08001d74   0x08001d74   0x00000054   Code   RO         3365    i.OLED_I2C_SendByte  oled.o
    0x08001dc8   0x08001dc8   0x00000034   Code   RO         3366    i.OLED_I2C_Start    oled.o
    0x08001dfc   0x08001dfc   0x00000028   Code   RO         3367    i.OLED_I2C_Stop     oled.o
    0x08001e24   0x08001e24   0x000000ae   Code   RO         3368    i.OLED_Init         oled.o
    0x08001ed2   0x08001ed2   0x000000c4   Code   RO         3482    i.OLED_Option       menu.o
    0x08001f96   0x08001f96   0x00000014   Code   RO         3369    i.OLED_Pow          oled.o
    0x08001faa   0x08001faa   0x00000022   Code   RO         3370    i.OLED_SetCursor    oled.o
    0x08001fcc   0x08001fcc   0x00000074   Code   RO         3372    i.OLED_ShowChar     oled.o
    0x08002040   0x08002040   0x0000006c   Code   RO         3373    i.OLED_ShowChinese  oled.o
    0x080020ac   0x080020ac   0x00000044   Code   RO         3375    i.OLED_ShowNum      oled.o
    0x080020f0   0x080020f0   0x00000028   Code   RO         3377    i.OLED_ShowString   oled.o
    0x08002118   0x08002118   0x00000020   Code   RO         3378    i.OLED_WriteCommand  oled.o
    0x08002138   0x08002138   0x00000020   Code   RO         3379    i.OLED_WriteData    oled.o
    0x08002158   0x08002158   0x00000002   Code   RO         3305    i.PendSV_Handler    stm32f10x_it.o
    0x0800215a   0x0800215a   0x00000002   PAD
    0x0800215c   0x0800215c   0x00000018   Code   RO         1773    i.RCC_ADCCLKConfig  stm32f10x_rcc.o
    0x08002174   0x08002174   0x00000020   Code   RO         1775    i.RCC_APB1PeriphClockCmd  stm32f10x_rcc.o
    0x08002194   0x08002194   0x00000020   Code   RO         1777    i.RCC_APB2PeriphClockCmd  stm32f10x_rcc.o
    0x080021b4   0x080021b4   0x00000014   Code   RO         1781    i.RCC_ClearFlag     stm32f10x_rcc.o
    0x080021c8   0x080021c8   0x000000d4   Code   RO         1785    i.RCC_GetClocksFreq  stm32f10x_rcc.o
    0x0800229c   0x0800229c   0x0000003c   Code   RO         1786    i.RCC_GetFlagStatus  stm32f10x_rcc.o
    0x080022d8   0x080022d8   0x0000000c   Code   RO         1794    i.RCC_LSICmd        stm32f10x_rcc.o
    0x080022e4   0x080022e4   0x0000002c   Code   RO         3799    i.Relay_Init        relay.o
    0x08002310   0x08002310   0x00000024   Code   RO         3800    i.Relay_OFF         relay.o
    0x08002334   0x08002334   0x00000024   Code   RO         3801    i.Relay_ON          relay.o
    0x08002358   0x08002358   0x00000002   Code   RO         3306    i.SVC_Handler       stm32f10x_it.o
    0x0800235a   0x0800235a   0x00000008   Code   RO           24    i.SetSysClock       system_stm32f10x.o
    0x08002362   0x08002362   0x00000002   PAD
    0x08002364   0x08002364   0x000000e0   Code   RO           25    i.SetSysClockTo72   system_stm32f10x.o
    0x08002444   0x08002444   0x00000018   Code   RO         3719    i.Smog_GetPPM       mq2.o
    0x0800245c   0x0800245c   0x00000002   Code   RO         3307    i.SysTick_Handler   stm32f10x_it.o
    0x0800245e   0x0800245e   0x00000002   PAD
    0x08002460   0x08002460   0x00000060   Code   RO           27    i.SystemInit        system_stm32f10x.o
    0x080024c0   0x080024c0   0x00000160   Code   RO         3937    i.TIM2_IRQHandler   tim2.o
    0x08002620   0x08002620   0x00000020   Code   RO         3909    i.TIM3_IRQHandler   tim3.o
    0x08002640   0x08002640   0x00000006   Code   RO         2415    i.TIM_ClearFlag     stm32f10x_tim.o
    0x08002646   0x08002646   0x00000006   Code   RO         2416    i.TIM_ClearITPendingBit  stm32f10x_tim.o
    0x0800264c   0x0800264c   0x00000018   Code   RO         2421    i.TIM_Cmd           stm32f10x_tim.o
    0x08002664   0x08002664   0x00000022   Code   RO         2442    i.TIM_GetITStatus   stm32f10x_tim.o
    0x08002686   0x08002686   0x00000012   Code   RO         2446    i.TIM_ITConfig      stm32f10x_tim.o
    0x08002698   0x08002698   0x000000a4   Code   RO         2492    i.TIM_TimeBaseInit  stm32f10x_tim.o
    0x0800273c   0x0800273c   0x0000005e   Code   RO         3938    i.Timer2_Init       tim2.o
    0x0800279a   0x0800279a   0x00000002   PAD
    0x0800279c   0x0800279c   0x0000001c   Code   RO         3850    i.USART1_IRQHandler  usart.o
    0x080027b8   0x080027b8   0x00000028   Code   RO         3851    i.USART2_IRQHandler  usart.o
    0x080027e0   0x080027e0   0x00000018   Code   RO         2960    i.USART_Cmd         stm32f10x_usart.o
    0x080027f8   0x080027f8   0x0000001a   Code   RO         2963    i.USART_GetFlagStatus  stm32f10x_usart.o
    0x08002812   0x08002812   0x00000054   Code   RO         2964    i.USART_GetITStatus  stm32f10x_usart.o
    0x08002866   0x08002866   0x0000004a   Code   RO         2966    i.USART_ITConfig    stm32f10x_usart.o
    0x080028b0   0x080028b0   0x000000d8   Code   RO         2967    i.USART_Init        stm32f10x_usart.o
    0x08002988   0x08002988   0x0000000a   Code   RO         2974    i.USART_ReceiveData  stm32f10x_usart.o
    0x08002992   0x08002992   0x00000008   Code   RO         2977    i.USART_SendData    stm32f10x_usart.o
    0x0800299a   0x0800299a   0x00000004   Code   RO         3308    i.UsageFault_Handler  stm32f10x_it.o
    0x0800299e   0x0800299e   0x0000000e   Code   RO         4552    i._is_digit         c_w.l(__printf_wp.o)
    0x080029ac   0x080029ac   0x00000004   Code   RO         3852    i._sys_exit         usart.o
    0x080029b0   0x080029b0   0x00000046   Code   RO         3962    i.calculateDynamicBitPartLen  gizwits_protocol.o
    0x080029f6   0x080029f6   0x0000001a   Code   RO         4194    i.exchangeBytes     common.o
    0x08002a10   0x08002a10   0x0000001a   Code   RO         4195    i.exchangeWord      common.o
    0x08002a2a   0x08002a2a   0x00000002   PAD
    0x08002a2c   0x08002a2c   0x0000001c   Code   RO         3853    i.fputc             usart.o
    0x08002a48   0x08002a48   0x0000002a   Code   RO         4266    i.gizAcrossByteJudge  datapointtools.o
    0x08002a72   0x08002a72   0x00000032   Code   RO         4267    i.gizByteOrderExchange  datapointtools.o
    0x08002aa4   0x08002aa4   0x000002a4   Code   RO         3963    i.gizCheckReport    gizwits_protocol.o
    0x08002d48   0x08002d48   0x00000168   Code   RO         3964    i.gizDataPoint2Event  gizwits_protocol.o
    0x08002eb0   0x08002eb0   0x00000200   Code   RO         3965    i.gizDataPoints2ReportData  gizwits_protocol.o
    0x080030b0   0x080030b0   0x000000e4   Code   RO         3966    i.gizDevReportPolicy  gizwits_protocol.o
    0x08003194   0x08003194   0x0000000c   Code   RO         4133    i.gizGetTimerCount  gizwits_product.o
    0x080031a0   0x080031a0   0x00000090   Code   RO         3967    i.gizProtocolAckHandle  gizwits_protocol.o
    0x08003230   0x08003230   0x000000a0   Code   RO         3968    i.gizProtocolCommonAck  gizwits_protocol.o
    0x080032d0   0x080032d0   0x000000a4   Code   RO         3969    i.gizProtocolErrorCmd  gizwits_protocol.o
    0x08003374   0x08003374   0x00000174   Code   RO         3970    i.gizProtocolGetDeviceInfo  gizwits_protocol.o
    0x080034e8   0x080034e8   0x00000200   Code   RO         3971    i.gizProtocolGetOnePacket  gizwits_protocol.o
    0x080036e8   0x080036e8   0x00000050   Code   RO         3972    i.gizProtocolHeadInit  gizwits_protocol.o
    0x08003738   0x08003738   0x00000140   Code   RO         3973    i.gizProtocolIssuedDataAck  gizwits_protocol.o
    0x08003878   0x08003878   0x0000017c   Code   RO         3974    i.gizProtocolIssuedProcess  gizwits_protocol.o
    0x080039f4   0x080039f4   0x0000005c   Code   RO         3975    i.gizProtocolModuleInfoHandle  gizwits_protocol.o
    0x08003a50   0x08003a50   0x00000524   Code   RO         3976    i.gizProtocolModuleStatus  gizwits_protocol.o
    0x08003f74   0x08003f74   0x0000008c   Code   RO         3977    i.gizProtocolNTP    gizwits_protocol.o
    0x08004000   0x08004000   0x0000001c   Code   RO         3978    i.gizProtocolReboot  gizwits_protocol.o
    0x0800401c   0x0800401c   0x00000080   Code   RO         3979    i.gizProtocolResendData  gizwits_protocol.o
    0x0800409c   0x0800409c   0x00000026   Code   RO         4197    i.gizProtocolSum    common.o
    0x080040c2   0x080040c2   0x00000002   PAD
    0x080040c4   0x080040c4   0x00000064   Code   RO         3980    i.gizProtocolWaitAck  gizwits_protocol.o
    0x08004128   0x08004128   0x0000004c   Code   RO         3981    i.gizProtocolWaitAckCheck  gizwits_protocol.o
    0x08004174   0x08004174   0x00000074   Code   RO         3982    i.gizPutData        gizwits_protocol.o
    0x080041e8   0x080041e8   0x000000f8   Code   RO         3983    i.gizReportData     gizwits_protocol.o
    0x080042e0   0x080042e0   0x00000010   Code   RO         4134    i.gizTimerMs        gizwits_product.o
    0x080042f0   0x080042f0   0x0000007c   Code   RO         4270    i.gizVarlenCompressValue  datapointtools.o
    0x0800436c   0x0800436c   0x000000c4   Code   RO         4271    i.gizVarlenDecompressionValue  datapointtools.o
    0x08004430   0x08004430   0x0000000e   Code   RO         4274    i.gizY2X            datapointtools.o
    0x0800443e   0x0800443e   0x00000002   PAD
    0x08004440   0x08004440   0x00000280   Code   RO         4135    i.gizwitsEventProcess  gizwits_product.o
    0x080046c0   0x080046c0   0x0000037c   Code   RO         3986    i.gizwitsHandle     gizwits_protocol.o
    0x08004a3c   0x08004a3c   0x00000064   Code   RO         3987    i.gizwitsInit       gizwits_protocol.o
    0x08004aa0   0x08004aa0   0x00000288   Code   RO         3989    i.gizwitsSetMode    gizwits_protocol.o
    0x08004d28   0x08004d28   0x0000036c   Code   RO         3196    i.main              main.o
    0x08005094   0x08005094   0x0000000a   Code   RO         4136    i.mcuRestart        gizwits_product.o
    0x0800509e   0x0800509e   0x0000003a   Code   RO         4386    i.rbCanRead         ringbuffer.o
    0x080050d8   0x080050d8   0x0000001e   Code   RO         4387    i.rbCanWrite        ringbuffer.o
    0x080050f6   0x080050f6   0x0000000e   Code   RO         4388    i.rbCapacity        ringbuffer.o
    0x08005104   0x08005104   0x00000014   Code   RO         4389    i.rbCreate          ringbuffer.o
    0x08005118   0x08005118   0x000000be   Code   RO         4391    i.rbRead            ringbuffer.o
    0x080051d6   0x080051d6   0x0000001e   Code   RO         4392    i.rbReadIndicator   ringbuffer.o
    0x080051f4   0x080051f4   0x000000ba   Code   RO         4393    i.rbWrite           ringbuffer.o
    0x080052ae   0x080052ae   0x0000001e   Code   RO         4394    i.rbWriteIndicator  ringbuffer.o
    0x080052cc   0x080052cc   0x000000a4   Code   RO         3854    i.uart1_init        usart.o
    0x08005370   0x08005370   0x000000a4   Code   RO         3855    i.uart2_init        usart.o
    0x08005414   0x08005414   0x000000b4   Code   RO         4137    i.uartWrite         gizwits_product.o
    0x080054c8   0x080054c8   0x0000004c   Code   RO         4138    i.userHandle        gizwits_product.o
    0x08005514   0x08005514   0x00000010   Code   RO         4139    i.userInit          gizwits_product.o
    0x08005524   0x08005524   0x00000150   Code   RO         4581    x$fpl$dadd          fz_ws.l(daddsub_clz.o)
    0x08005674   0x08005674   0x0000005e   Code   RO         4587    x$fpl$dfix          fz_ws.l(dfix.o)
    0x080056d2   0x080056d2   0x00000002   PAD
    0x080056d4   0x080056d4   0x00000154   Code   RO         4591    x$fpl$dmul          fz_ws.l(dmul.o)
    0x08005828   0x08005828   0x0000009c   Code   RO         4656    x$fpl$dnaninf       fz_ws.l(dnaninf.o)
    0x080058c4   0x080058c4   0x0000000c   Code   RO         4658    x$fpl$dretinf       fz_ws.l(dretinf.o)
    0x080058d0   0x080058d0   0x000001d4   Code   RO         4583    x$fpl$dsub          fz_ws.l(daddsub_clz.o)
    0x08005aa4   0x08005aa4   0x00000056   Code   RO         4593    x$fpl$f2d           fz_ws.l(f2d.o)
    0x08005afa   0x08005afa   0x00000002   PAD
    0x08005afc   0x08005afc   0x00000184   Code   RO         4602    x$fpl$fdiv          fz_ws.l(fdiv.o)
    0x08005c80   0x08005c80   0x0000003e   Code   RO         4605    x$fpl$ffixu         fz_ws.l(ffixu.o)
    0x08005cbe   0x08005cbe   0x00000002   PAD
    0x08005cc0   0x08005cc0   0x00000026   Code   RO         4609    x$fpl$ffltu         fz_ws.l(fflt_clz.o)
    0x08005ce6   0x08005ce6   0x00000002   PAD
    0x08005ce8   0x08005ce8   0x00000102   Code   RO         4615    x$fpl$fmul          fz_ws.l(fmul.o)
    0x08005dea   0x08005dea   0x0000008c   Code   RO         4660    x$fpl$fnaninf       fz_ws.l(fnaninf.o)
    0x08005e76   0x08005e76   0x0000000a   Code   RO         4662    x$fpl$fretinf       fz_ws.l(fretinf.o)
    0x08005e80   0x08005e80   0x00000000   Code   RO         4664    x$fpl$usenofp       fz_ws.l(usenofp.o)
    0x08005e80   0x08005e80   0x00000830   Data   RO         3380    .constdata          oled.o
    0x080066b0   0x080066b0   0x00000028   Data   RO         4525    .constdata          c_w.l(_printf_hex_int.o)
    0x080066d8   0x080066d8   0x00000011   Data   RO         4555    .constdata          c_w.l(__printf_flags_wp.o)
    0x080066e9   0x080066e9   0x00000003   PAD
    0x080066ec   0x080066ec   0x00000020   Data   RO         4854    Region$$Table       anon$$obj.o


    Execution Region RW_IRAM1 (Exec base: 0x20000000, Load base: 0x0800670c, Size: 0x00000d60, Max: 0x00005000, ABSOLUTE)

    Exec Addr    Load Addr    Size         Type   Attr      Idx    E Section Name        Object

    0x20000000   0x0800670c   0x00000014   Data   RW         1805    .data               stm32f10x_rcc.o
    0x20000014   0x08006720   0x00000011   Data   RW         3197    .data               main.o
    0x20000025   0x08006731   0x00000001   PAD
    0x20000026   0x08006732   0x00000006   Data   RW         3483    .data               menu.o
    0x2000002c   0x08006738   0x00000001   Data   RW         3532    .data               dht11.o
    0x2000002d   0x08006739   0x00000001   Data   RW         3578    .data               motor.o
    0x2000002e   0x0800673a   0x00000001   Data   RW         3628    .data               buzzer.o
    0x2000002f   0x0800673b   0x00000001   PAD
    0x20000030   0x0800673c   0x00000019   Data   RW         3657    .data               key.o
    0x20000049   0x08006755   0x00000003   PAD
    0x2000004c   0x08006758   0x00000006   Data   RW         3857    .data               usart.o
    0x20000052   0x0800675e   0x00000002   Data   RW         3939    .data               tim2.o
    0x20000054   0x08006760   0x00000010   Data   RW         3991    .data               gizwits_protocol.o
    0x20000064   0x08006770   0x00000005   Data   RW         4141    .data               gizwits_product.o
    0x20000069   0x08006775   0x00000003   PAD
    0x2000006c        -       0x0000067e   Zero   RW         3990    .bss                gizwits_protocol.o
    0x200006ea        -       0x00000015   Zero   RW         4140    .bss                gizwits_product.o
    0x200006ff   0x08006775   0x00000001   PAD
    0x20000700        -       0x00000060   Zero   RW         4666    .bss                c_w.l(libspace.o)
    0x20000760        -       0x00000200   Zero   RW            2    HEAP                startup_stm32f10x_md.o
    0x20000960        -       0x00000400   Zero   RW            1    STACK               startup_stm32f10x_md.o


==============================================================================

Image component sizes


      Code (inc. data)   RO Data    RW Data    ZI Data      Debug   Object Name

       168          8          0          0          0       1179   adcx.o
       108         26          0          1          0       1673   buzzer.o
        90          0          0          0          0       3488   common.o
         0          0          0          0          0       4500   core_cm3.o
       426          0          0          0          0       4464   datapointtools.o
        70          0          0          0          0        978   delay.o
       482         32          0          1          0       3974   dht11.o
        84          0          0          0          0       1212   flash.o
       950        342          0          5         21      20267   gizwits_product.o
      7862       2436          0         16       1662      28107   gizwits_protocol.o
       318         34          0          0          0       2244   gp2y1014au.o
       116         38          0          0          0        496   iwdg.o
       760         78          0         25          0       2259   key.o
       876         60          0         17          0       2961   main.o
       788         50          0          6          0       1991   menu.o
       132         22          0          0          0     213927   misc.o
      1130         54          0          1          0       5196   motor.o
       166         16          0          0          0       2570   mq2.o
       906         30       2096          0          0       8689   oled.o
       116         12          0          0          0       1536   relay.o
       558          0          0          0          0       5829   ringbuffer.o
        64         26        236          0       1536        832   startup_stm32f10x_md.o
       394         10          0          0          0      18645   stm32f10x_adc.o
       286         36          0          0          0      10220   stm32f10x_flash.o
       458          6          0          0          0      13350   stm32f10x_gpio.o
        26          0          0          0          0       3982   stm32f10x_it.o
        68         30          0          0          0       2430   stm32f10x_iwdg.o
       392         54          0         20          0      15278   stm32f10x_rcc.o
       252         42          0          0          0      24358   stm32f10x_tim.o
       442          6          0          0          0      12121   stm32f10x_usart.o
       328         28          0          0          0      45429   system_stm32f10x.o
       446         58          0          2          0       1624   tim2.o
       158         12          0          0          0       1897   tim3.o
       428         32          0          6          0       5282   usart.o

    ----------------------------------------------------------------------
     19882       3578       2364        108       3220     472988   Object Totals
         0          0         32          0          0          0   (incl. Generated)
        34          0          0          8          1          0   (incl. Padding)

    ----------------------------------------------------------------------

      Code (inc. data)   RO Data    RW Data    ZI Data      Debug   Library Member Name

         8          0          0          0          0         68   __main.o
       312          4         17          0          0         92   __printf_flags_wp.o
        14          0          0          0          0         68   __printf_wp.o
         0          0          0          0          0          0   __rtentry.o
        12          0          0          0          0          0   __rtentry2.o
         6          0          0          0          0          0   __rtentry4.o
        52          8          0          0          0          0   __scatter.o
        26          0          0          0          0          0   __scatter_copy.o
        28          0          0          0          0          0   __scatter_zi.o
        48          6          0          0          0         96   _printf_char_common.o
        36          4          0          0          0         80   _printf_char_file.o
         6          0          0          0          0          0   _printf_d.o
       120         16          0          0          0         92   _printf_dec.o
        88          4         40          0          0         88   _printf_hex_int.o
       178          0          0          0          0         88   _printf_intcommon.o
        78          0          0          0          0        108   _printf_pad.o
         0          0          0          0          0          0   _printf_percent.o
         4          0          0          0          0          0   _printf_percent_end.o
         6          0          0          0          0          0   _printf_x.o
        16          0          0          0          0         68   aeabi_memset.o
        18          0          0          0          0         80   exit.o
         8          0          0          0          0         68   ferror.o
        78          0          0          0          0         80   h1_free.o
         6          0          0          0          0        152   heapauxi.o
         2          0          0          0          0          0   libinit.o
         2          0          0          0          0          0   libinit2.o
         2          0          0          0          0          0   libshutdown.o
         2          0          0          0          0          0   libshutdown2.o
         8          4          0          0         96         68   libspace.o
        24          4          0          0          0         84   noretval__2printf.o
         8          4          0          0          0         68   rt_heap_descriptor_intlibspace.o
        68          0          0          0          0         68   rt_memclr.o
        78          0          0          0          0         80   rt_memclr_w.o
       138          0          0          0          0         68   rt_memcpy_v6.o
       100          0          0          0          0         80   rt_memcpy_w.o
         2          0          0          0          0          0   rtexit.o
        10          0          0          0          0          0   rtexit2.o
        74          0          0          0          0         80   sys_stackheap_outer.o
         2          0          0          0          0         68   use_no_semi.o
         2          0          0          0          0         68   use_no_semi_2.o
       804         16          0          0          0        272   daddsub_clz.o
        94          4          0          0          0         92   dfix.o
       340         12          0          0          0        104   dmul.o
       156          4          0          0          0         92   dnaninf.o
        12          0          0          0          0         68   dretinf.o
        86          4          0          0          0         84   f2d.o
       388         76          0          0          0         96   fdiv.o
        62          4          0          0          0         84   ffixu.o
        38          0          0          0          0         68   fflt_clz.o
       258          4          0          0          0         84   fmul.o
       140          4          0          0          0         84   fnaninf.o
        10          0          0          0          0         68   fretinf.o
         0          0          0          0          0          0   usenofp.o

    ----------------------------------------------------------------------
      4074        182         60          0         96       3156   Library Totals
        16          0          3          0          0          0   (incl. Padding)

    ----------------------------------------------------------------------

      Code (inc. data)   RO Data    RW Data    ZI Data      Debug   Library Name

      1670         54         57          0         96       1960   c_w.l
      2388        128          0          0          0       1196   fz_ws.l

    ----------------------------------------------------------------------
      4074        182         60          0         96       3156   Library Totals

    ----------------------------------------------------------------------

==============================================================================


      Code (inc. data)   RO Data    RW Data    ZI Data      Debug   

     23956       3760       2424        108       3316     465480   Grand Totals
     23956       3760       2424        108       3316     465480   ELF Image Totals
     23956       3760       2424        108          0          0   ROM Totals

==============================================================================

    Total RO  Size (Code + RO Data)                26380 (  25.76kB)
    Total RW  Size (RW Data + ZI Data)              3424 (   3.34kB)
    Total ROM Size (Code + RO Data + RW Data)      26488 (  25.87kB)

==============================================================================

